Archive member included to satisfy reference by file (symbol)

/usr/lib/gcc/arm-none-eabi/4.9.3/../../../arm-none-eabi/lib/armv6-m/libc_nano.a(lib_a-atexit.o)
                              /usr/lib/gcc/arm-none-eabi/4.9.3/../../../arm-none-eabi/lib/armv6-m/crt0.o (atexit)
/usr/lib/gcc/arm-none-eabi/4.9.3/../../../arm-none-eabi/lib/armv6-m/libc_nano.a(lib_a-exit.o)
                              /usr/lib/gcc/arm-none-eabi/4.9.3/../../../arm-none-eabi/lib/armv6-m/crt0.o (exit)
/usr/lib/gcc/arm-none-eabi/4.9.3/../../../arm-none-eabi/lib/armv6-m/libc_nano.a(lib_a-fini.o)
                              /usr/lib/gcc/arm-none-eabi/4.9.3/../../../arm-none-eabi/lib/armv6-m/crt0.o (__libc_fini_array)
/usr/lib/gcc/arm-none-eabi/4.9.3/../../../arm-none-eabi/lib/armv6-m/libc_nano.a(lib_a-impure.o)
                              /usr/lib/gcc/arm-none-eabi/4.9.3/../../../arm-none-eabi/lib/armv6-m/libc_nano.a(lib_a-exit.o) (_global_impure_ptr)
/usr/lib/gcc/arm-none-eabi/4.9.3/../../../arm-none-eabi/lib/armv6-m/libc_nano.a(lib_a-init.o)
                              /usr/lib/gcc/arm-none-eabi/4.9.3/../../../arm-none-eabi/lib/armv6-m/crt0.o (__libc_init_array)
/usr/lib/gcc/arm-none-eabi/4.9.3/../../../arm-none-eabi/lib/armv6-m/libc_nano.a(lib_a-memset.o)
                              /usr/lib/gcc/arm-none-eabi/4.9.3/../../../arm-none-eabi/lib/armv6-m/crt0.o (memset)
/usr/lib/gcc/arm-none-eabi/4.9.3/../../../arm-none-eabi/lib/armv6-m/libc_nano.a(lib_a-__atexit.o)
                              /usr/lib/gcc/arm-none-eabi/4.9.3/../../../arm-none-eabi/lib/armv6-m/libc_nano.a(lib_a-atexit.o) (__register_exitproc)
/usr/lib/gcc/arm-none-eabi/4.9.3/../../../arm-none-eabi/lib/armv6-m/libc_nano.a(lib_a-__call_atexit.o)
                              /usr/lib/gcc/arm-none-eabi/4.9.3/../../../arm-none-eabi/lib/armv6-m/libc_nano.a(lib_a-__atexit.o) (__call_exitprocs)
/usr/lib/gcc/arm-none-eabi/4.9.3/../../../arm-none-eabi/lib/armv6-m/libnosys.a(_exit.o)
                              /usr/lib/gcc/arm-none-eabi/4.9.3/../../../arm-none-eabi/lib/armv6-m/libc_nano.a(lib_a-exit.o) (_exit)
/home/mohammedari/nRF5_SDK_11/components/properitary_rf/gzll/gcc/gzll_gcc.a(nrf_gzll.o)
                              _build/main.o (nrf_gzll_enable)
/home/mohammedari/nRF5_SDK_11/components/properitary_rf/gzll/gcc/gzll_gcc.a(nrf_impala.o)
                              /home/mohammedari/nRF5_SDK_11/components/properitary_rf/gzll/gcc/gzll_gcc.a(nrf_gzll.o) (nrf_impl_disable)
/home/mohammedari/nRF5_SDK_11/components/properitary_rf/gzll/gcc/gzll_gcc.a(nrf_link_core.o)
                              /home/mohammedari/nRF5_SDK_11/components/properitary_rf/gzll/gcc/gzll_gcc.a(nrf_impala.o) (nrf_lcore_start_operation)
/home/mohammedari/nRF5_SDK_11/components/properitary_rf/gzll/gcc/gzll_gcc.a(nrf_notification_manager.o)
                              /home/mohammedari/nRF5_SDK_11/components/properitary_rf/gzll/gcc/gzll_gcc.a(nrf_impala.o) (nrf_nm_init)
/home/mohammedari/nRF5_SDK_11/components/properitary_rf/gzll/gcc/gzll_gcc.a(nrf_packet_manager.o)
                              /home/mohammedari/nRF5_SDK_11/components/properitary_rf/gzll/gcc/gzll_gcc.a(nrf_impala.o) (nrf_pm_init)
/home/mohammedari/nRF5_SDK_11/components/properitary_rf/gzll/gcc/gzll_gcc.a(nrf_state_machine.o)
                              /home/mohammedari/nRF5_SDK_11/components/properitary_rf/gzll/gcc/gzll_gcc.a(nrf_impala.o) (nrf_sm_init)
/home/mohammedari/nRF5_SDK_11/components/properitary_rf/gzll/gcc/gzll_gcc.a(nrf_assert_internal.o)
                              /home/mohammedari/nRF5_SDK_11/components/properitary_rf/gzll/gcc/gzll_gcc.a(nrf_gzll.o) (NRF_ASSERT_INTERNAL_parse_and_forward)
/home/mohammedari/nRF5_SDK_11/components/properitary_rf/gzll/gcc/gzll_gcc.a(nrf_channel_manager.o)
                              /home/mohammedari/nRF5_SDK_11/components/properitary_rf/gzll/gcc/gzll_gcc.a(nrf_impala.o) (nrf_chm_init)
/home/mohammedari/nRF5_SDK_11/components/properitary_rf/gzll/gcc/gzll_gcc.a(nrf_fifo.o)
                              /home/mohammedari/nRF5_SDK_11/components/properitary_rf/gzll/gcc/gzll_gcc.a(nrf_packet_manager.o) (nrf_fifo_init)
/home/mohammedari/nRF5_SDK_11/components/properitary_rf/gzll/gcc/gzll_gcc.a(nrf_flywheel.o)
                              /home/mohammedari/nRF5_SDK_11/components/properitary_rf/gzll/gcc/gzll_gcc.a(nrf_impala.o) (nrf_flw_init)
/usr/lib/gcc/arm-none-eabi/4.9.3/armv6-m/libgcc.a(_thumb1_case_uqi.o)
                              /home/mohammedari/nRF5_SDK_11/components/properitary_rf/gzll/gcc/gzll_gcc.a(nrf_gzll.o) (__gnu_thumb1_case_uqi)
/usr/lib/gcc/arm-none-eabi/4.9.3/armv6-m/libgcc.a(_udivsi3.o)
                              /home/mohammedari/nRF5_SDK_11/components/properitary_rf/gzll/gcc/gzll_gcc.a(nrf_channel_manager.o) (__aeabi_uidiv)
/usr/lib/gcc/arm-none-eabi/4.9.3/armv6-m/libgcc.a(_dvmd_tls.o)
                              /usr/lib/gcc/arm-none-eabi/4.9.3/armv6-m/libgcc.a(_udivsi3.o) (__aeabi_idiv0)
[...]
Memory Configuration

Name             Origin             Length             Attributes
FLASH            0x0000000000000000 0x0000000000040000 xr
RAM              0x0000000020000000 0x0000000000004000 xrw
*default*        0x0000000000000000 0xffffffffffffffff

Linker script and memory map


.text           0x0000000000000000     0x42c8
 *(.isr_vector)
 .isr_vector    0x0000000000000000       0xc0 _build/gcc_startup_nrf51.o
                0x0000000000000000                __isr_vector
 *(.text*)
 .text          0x00000000000000c0       0xb4 /usr/lib/gcc/arm-none-eabi/4.9.3/armv6-m/crtbegin.o
 .text          0x0000000000000174       0x6c /usr/lib/gcc/arm-none-eabi/4.9.3/../../../arm-none-eabi/lib/armv6-m/crt0.o
                0x0000000000000174                _mainCRTStartup
                0x0000000000000174                _start
 .text.atexit   0x00000000000001e0       0x10 /usr/lib/gcc/arm-none-eabi/4.9.3/../../../arm-none-eabi/lib/armv6-m/libc_nano.a(lib_a-atexit.o)
                0x00000000000001e0                atexit
 .text.exit     0x00000000000001f0       0x2c /usr/lib/gcc/arm-none-eabi/4.9.3/../../../arm-none-eabi/lib/armv6-m/libc_nano.a(lib_a-exit.o)
                0x00000000000001f0                exit
 .text.__libc_fini_array
                0x000000000000021c       0x28 /usr/lib/gcc/arm-none-eabi/4.9.3/../../../arm-none-eabi/lib/armv6-m/libc_nano.a(lib_a-fini.o)
                0x000000000000021c                __libc_fini_array
 .text.__libc_init_array
                0x0000000000000244       0x4c /usr/lib/gcc/arm-none-eabi/4.9.3/../../../arm-none-eabi/lib/armv6-m/libc_nano.a(lib_a-init.o)
                0x0000000000000244                __libc_init_array
 .text.memset   0x0000000000000290       0x10 /usr/lib/gcc/arm-none-eabi/4.9.3/../../../arm-none-eabi/lib/armv6-m/libc_nano.a(lib_a-memset.o)
                0x0000000000000290                memset
 .text.__register_exitproc
                0x00000000000002a0       0xb8 /usr/lib/gcc/arm-none-eabi/4.9.3/../../../arm-none-eabi/lib/armv6-m/libc_nano.a(lib_a-__atexit.o)
                0x00000000000002a0                __register_exitproc
 .text.__call_exitprocs
                0x0000000000000358       0xe8 /usr/lib/gcc/arm-none-eabi/4.9.3/../../../arm-none-eabi/lib/armv6-m/libc_nano.a(lib_a-__call_atexit.o)
                0x0000000000000358                __call_exitprocs
 .text._exit    0x0000000000000440        0x4 /usr/lib/gcc/arm-none-eabi/4.9.3/../../../arm-none-eabi/lib/armv6-m/libnosys.a(_exit.o)
                0x0000000000000440                _exit
 .text.SystemInit
                0x0000000000000444       0xec _build/system_nrf51.o
                0x0000000000000444                SystemInit
 .text.handler_timestamp
                0x0000000000000530       0x18 _build/main.o
 .text.uart_error_handle
                0x0000000000000548       0x18 _build/main.o
                0x0000000000000548                uart_error_handle
 .text.startup.main
                0x0000000000000560      0x17c _build/main.o
                0x0000000000000560                main
 .text.nrf_gzll_device_tx_success
                0x00000000000006dc        0x8 _build/main.o
                0x00000000000006dc                nrf_gzll_device_tx_success
 .text.nrf_gzll_device_tx_failed
                0x00000000000006e4        0x8 _build/main.o
                0x00000000000006e4                nrf_gzll_device_tx_failed
 .text.nrf_gzll_disabled
                0x00000000000006ec        0x4 _build/main.o
                0x00000000000006ec                nrf_gzll_disabled
 .text.nrf_gzll_host_rx_data_ready
                0x00000000000006f0       0x70 _build/main.o
                0x00000000000006f0                nrf_gzll_host_rx_data_ready
 .text.app_error_handler_bare
                0x0000000000000760       0x20 _build/app_error.o
                0x0000000000000760                app_error_handler_bare
 .text.app_error_fault_handler
                0x0000000000000780       0x1c _build/app_error_weak.o
                0x0000000000000780                app_error_fault_handler
 .text.app_fifo_init
                0x000000000000079c       0x28 _build/app_fifo.o
                0x000000000000079c                app_fifo_init
 .text.app_fifo_put
                0x00000000000007c4       0x28 _build/app_fifo.o
                0x00000000000007c4                app_fifo_put
 .text.app_fifo_get
                0x00000000000007ec       0x24 _build/app_fifo.o
                0x00000000000007ec                app_fifo_get
 .text.app_util_critical_region_enter
                0x0000000000000810       0x10 _build/app_util_platform.o
                0x0000000000000810                app_util_critical_region_enter
 .text.app_util_critical_region_exit
                0x0000000000000820       0x14 _build/app_util_platform.o
                0x0000000000000820                app_util_critical_region_exit
 .text.uart_event_handler
                0x0000000000000834       0xc8 _build/app_uart_fifo.o
 .text.app_uart_init
                0x00000000000008fc       0xa4 _build/app_uart_fifo.o
                0x00000000000008fc                app_uart_init
 .text.app_uart_get
                0x00000000000009a0       0x34 _build/app_uart_fifo.o
                0x00000000000009a0                app_uart_get
 .text.app_uart_put
                0x00000000000009d4       0x40 _build/app_uart_fifo.o
                0x00000000000009d4                app_uart_put
 .text.nrf_drv_common_irq_enable
                0x0000000000000a14       0x80 _build/nrf_drv_common.o
                0x0000000000000a14                nrf_drv_common_irq_enable
 .text.nrf_drv_uart_init
                0x0000000000000a94      0x120 _build/nrf_drv_uart.o
                0x0000000000000a94                nrf_drv_uart_init
 .text.nrf_drv_uart_tx
                0x0000000000000bb4       0xb4 _build/nrf_drv_uart.o
                0x0000000000000bb4                nrf_drv_uart_tx
 .text.nrf_drv_uart_tx_in_progress
                0x0000000000000c68       0x10 _build/nrf_drv_uart.o
                0x0000000000000c68                nrf_drv_uart_tx_in_progress
 .text.nrf_drv_uart_rx
                0x0000000000000c78      0x130 _build/nrf_drv_uart.o
                0x0000000000000c78                nrf_drv_uart_rx
 .text.nrf_drv_uart_rx_enable
                0x0000000000000da8       0x2c _build/nrf_drv_uart.o
                0x0000000000000da8                nrf_drv_uart_rx_enable
 .text.UART0_IRQHandler
                0x0000000000000dd4      0x1a8 _build/nrf_drv_uart.o
                0x0000000000000dd4                UART0_IRQHandler
 .text.nrf_drv_rtc_init
                0x0000000000000f7c       0x6c _build/nrf_drv_rtc.o
                0x0000000000000f7c                nrf_drv_rtc_init
 .text.nrf_drv_rtc_enable
                0x0000000000000fe8       0x18 _build/nrf_drv_rtc.o
                0x0000000000000fe8                nrf_drv_rtc_enable
 .text.nrf_drv_rtc_tick_enable
                0x0000000000001000       0x24 _build/nrf_drv_rtc.o
                0x0000000000001000                nrf_drv_rtc_tick_enable
 .text.RTC0_IRQHandler
                0x0000000000001024      0x124 _build/nrf_drv_rtc.o
                0x0000000000001024                RTC0_IRQHandler
 .text.nrf_drv_clock_init
                0x0000000000001148       0x40 _build/nrf_drv_clock.o
                0x0000000000001148                nrf_drv_clock_init
 .text.nrf_drv_clock_lfclk_request
                0x0000000000001188       0x60 _build/nrf_drv_clock.o
                0x0000000000001188                nrf_drv_clock_lfclk_request
 .text.POWER_CLOCK_IRQHandler
                0x00000000000011e8      0x14c _build/nrf_drv_clock.o
                0x00000000000011e8                POWER_CLOCK_IRQHandler
 .text          0x0000000000001334       0x4c _build/gcc_startup_nrf51.o
                0x0000000000001334                Reset_Handler
                0x0000000000001374                NMI_Handler
                0x0000000000001376                HardFault_Handler
                0x0000000000001378                SVC_Handler
                0x000000000000137a                PendSV_Handler
                0x000000000000137c                SysTick_Handler
                0x000000000000137e                SPI0_TWI0_IRQHandler
                0x000000000000137e                GPIOTE_IRQHandler
                0x000000000000137e                LPCOMP_IRQHandler
                0x000000000000137e                SWI4_IRQHandler
                0x000000000000137e                TEMP_IRQHandler
                0x000000000000137e                QDEC_IRQHandler
                0x000000000000137e                SWI5_IRQHandler
                0x000000000000137e                TIMER0_IRQHandler
                0x000000000000137e                TIMER1_IRQHandler
                0x000000000000137e                ECB_IRQHandler
                0x000000000000137e                Default_Handler
                0x000000000000137e                ADC_IRQHandler
                0x000000000000137e                SWI3_IRQHandler
                0x000000000000137e                CCM_AAR_IRQHandler
                0x000000000000137e                WDT_IRQHandler
                0x000000000000137e                SWI2_IRQHandler
                0x000000000000137e                RNG_IRQHandler
                0x000000000000137e                SPI1_TWI1_IRQHandler
                0x000000000000137e                RTC1_IRQHandler
                0x000000000000137e                SWI1_IRQHandler
 .text          0x0000000000001380      0x864 /home/mohammedari/nRF5_SDK_11/components/properitary_rf/gzll/gcc/gzll_gcc.a(nrf_gzll.o)
                0x0000000000001380                nrf_gzll_enable
                0x00000000000013a4                nrf_gzll_is_enabled
                0x00000000000013b0                nrf_gzll_disable
                0x00000000000013c6                nrf_gzll_add_packet_to_tx_fifo
                0x000000000000144c                nrf_gzll_fetch_packet_from_rx_fifo
                0x00000000000014bc                nrf_gzll_get_tx_fifo_packet_count
                0x00000000000014d8                nrf_gzll_get_rx_fifo_packet_count
                0x00000000000014f4                nrf_gzll_get_total_allocated_packet_count
                0x0000000000001500                nrf_gzll_ok_to_add_packet_to_tx_fifo
                0x000000000000153c                nrf_gzll_flush_tx_fifo
                0x0000000000001570                nrf_gzll_flush_rx_fifo
                0x0000000000001590                nrf_gzll_set_mode
                0x00000000000015c0                nrf_gzll_get_mode
                0x00000000000015ec                nrf_gzll_set_channel_table
                0x0000000000001648                nrf_gzll_get_channel_table
                0x0000000000001684                nrf_gzll_get_channel_table_size
                0x0000000000001690                nrf_gzll_set_base_address_0
                0x00000000000016b8                nrf_gzll_get_base_address_0
                0x00000000000016c0                nrf_gzll_set_base_address_1
                0x00000000000016e8                nrf_gzll_get_base_address_1
                0x00000000000016f0                nrf_gzll_set_address_prefix_byte
                0x0000000000001724                nrf_gzll_get_address_prefix_byte
                0x000000000000174c                nrf_gzll_set_rx_pipes_enabled
                0x0000000000001774                nrf_gzll_get_rx_pipes_enabled
                0x000000000000177c                nrf_gzll_set_datarate
                0x00000000000017c0                nrf_gzll_get_datarate
                0x00000000000017d8                nrf_gzll_set_tx_power
                0x0000000000001830                nrf_gzll_get_tx_power
                0x000000000000186e                nrf_gzll_set_timeslot_period
                0x0000000000001894                nrf_gzll_get_timeslot_period
                0x000000000000189c                nrf_gzll_set_sync_lifetime
                0x00000000000018c4                nrf_gzll_get_sync_lifetime
                0x00000000000018cc                nrf_gzll_set_timeslots_per_channel_when_device_out_of_sync
                0x00000000000018f4                nrf_gzll_get_timeslots_per_channel_when_device_out_of_sync
                0x00000000000018fc                nrf_gzll_set_timeslots_per_channel
                0x0000000000001924                nrf_gzll_get_timeslots_per_channel
                0x000000000000192c                nrf_gzll_set_max_tx_attempts
                0x0000000000001954                nrf_gzll_get_max_tx_attempts
                0x000000000000195c                nrf_gzll_set_device_channel_selection_policy
                0x0000000000001994                nrf_gzll_get_device_channel_selection_policy
                0x00000000000019a2                nrf_gzll_set_xosc_ctl
                0x00000000000019d8                nrf_gzll_init
                0x0000000000001a64                nrf_gzll_get_xosc_ctl
                0x0000000000001a72                nrf_gzll_clear_tick_count
                0x0000000000001a80                nrf_gzll_get_tick_count
                0x0000000000001a8c                nrf_gzll_set_auto_disable
                0x0000000000001aa4                nrf_gzll_get_error_code
                0x0000000000001ab0                nrf_gzll_reset_error_code
                0x0000000000001abc                nrf_gzll_get_internal_debug_code
                0x0000000000001ac8                nrf_gzll_reset_internal_debug_code
                0x0000000000001ad4                nrf_gzll_mode_changed
                0x0000000000001ad6                notification_cb
                0x0000000000001bd0                nrf_assert_internal_callback
 .text          0x0000000000001be4     0x119c /home/mohammedari/nRF5_SDK_11/components/properitary_rf/gzll/gcc/gzll_gcc.a(nrf_impala.o)
                0x0000000000001fac                nrf_gpio_debug_pin_write
                0x0000000000001fae                nrf_impl_disable
                0x0000000000001fd8                nrf_impl_is_disabled
                0x0000000000001fe8                nrf_impl_get_mode
                0x0000000000001ff4                nrf_impl_reserve_packet
                0x0000000000002008                nrf_impl_free_packet
                0x000000000000201c                nrf_impl_put_tx_fifo
                0x0000000000002054                nrf_impl_pop_rx_fifo
                0x0000000000002068                nrf_impl_read_rx_fifo
                0x0000000000002070                nrf_impl_read_tx_fifo
                0x0000000000002084                nrf_impl_get_tx_fifo_status
                0x000000000000208c                nrf_impl_get_rx_fifo_status
                0x0000000000002094                nrf_impl_get_available_fifo_packets
                0x000000000000209c                nrf_impl_flush_tx_fifo
                0x00000000000020d0                nrf_impl_flush_rx_fifo
                0x00000000000020e4                nrf_impl_set_pipe_0_base_address
                0x0000000000002104                nrf_impl_get_pipe_0_base_address
                0x0000000000002110                nrf_impl_set_pipes_1_to_7_base_address
                0x000000000000212c                nrf_impl_get_pipes_1_to_7_base_address
                0x0000000000002138                nrf_impl_set_prefix_byte
                0x0000000000002190                nrf_impl_get_prefix_byte
                0x00000000000021b0                nrf_impl_set_channel_table
                0x00000000000021e4                nrf_impl_set_sync_lifetime
                0x00000000000021f0                nrf_impl_get_sync_lifetime
                0x00000000000021fc                nrf_impl_set_base_address_length
                0x0000000000002224                nrf_impl_get_base_address_length
                0x0000000000002230                nrf_impl_set_rx_pipes_enabled
                0x000000000000223c                nrf_impl_get_rx_pipes_enabled
                0x0000000000002248                nrf_impl_set_timeslot_period
                0x0000000000002254                nrf_impl_get_timeslot_period
                0x0000000000002260                nrf_impl_set_timeslots_per_channel_when_in_sync
                0x0000000000002270                nrf_impl_get_timeslots_per_channel_when_in_sync
                0x000000000000227c                nrf_impl_set_timeslots_per_channel_when_out_of_sync
                0x000000000000228c                nrf_impl_get_timeslots_per_channel_when_out_of_sync
                0x0000000000002298                nrf_impl_set_max_allowed_tx_attempts
                0x00000000000022a4                nrf_impl_get_max_allowed_tx_attempts
                0x00000000000022b0                nrf_impl_set_tx_power
                0x00000000000022cc                nrf_impl_get_tx_power
                0x00000000000022d8                nrf_impl_set_crc_length
                0x0000000000002360                nrf_impl_get_crc_length
                0x000000000000236c                nrf_impl_set_datarate
                0x00000000000025f8                nrf_impl_set_mode
                0x0000000000002628                nrf_impl_enable
                0x0000000000002688                nrf_impl_init
                0x000000000000280c                nrf_impl_get_datarate
                0x0000000000002818                nrf_impl_enable_rssi
                0x000000000000283c                nrf_impl_set_channel_selection_policy
                0x0000000000002848                nrf_impl_get_channel_selection_policy
                0x0000000000002854                nrf_impl_set_idle_activity_config
                0x0000000000002860                nrf_impl_get_idle_activity_config
                0x000000000000286c                nrf_impl_set_xosc_ctl
                0x0000000000002878                nrf_impl_get_xosc_ctl
                0x0000000000002884                nrf_impl_set_dyn_ack_enable
                0x000000000000288c                nrf_impl_state_fun_device_send_packet
                0x00000000000028d0                async_state_rx_active
                0x0000000000002904                async_state_rx_enabling
                0x000000000000298c                async_state_tx_ack_complete
                0x00000000000029a0                async_state_packet_received
                0x0000000000002b40                nrf_impl_state_fun_timeslot_start
 .text          0x0000000000002d80      0x600 /home/mohammedari/nRF5_SDK_11/components/properitary_rf/gzll/gcc/gzll_gcc.a(nrf_link_core.o)
                0x0000000000002f54                nrf_lcore_start_operation
                0x0000000000002ffc                nrf_lcore_rx_address_match
                0x000000000000300c                nrf_lcore_force_disable
                0x000000000000307c                nrf_lcore_init
                0x00000000000030d4                RADIO_IRQHandler
                0x000000000000327c                TESTONLY_current_state_is_legal
                0x00000000000032a0                nrf_lcore_prepare_operation
                0x000000000000337c                print_lc_debug_info
 .text          0x0000000000003380      0x108 /home/mohammedari/nRF5_SDK_11/components/properitary_rf/gzll/gcc/gzll_gcc.a(nrf_notification_manager.o)
                0x0000000000003380                nrf_nm_init
                0x00000000000033b4                nrf_nm_add
                0x0000000000003418                nrf_nm_get_remaining_space_in_notification_queue
                0x000000000000342c                SWI0_IRQHandler
 .text          0x0000000000003488      0x4d4 /home/mohammedari/nRF5_SDK_11/components/properitary_rf/gzll/gcc/gzll_gcc.a(nrf_packet_manager.o)
                0x00000000000034bc                nrf_pm_init
                0x0000000000003518                nrf_pm_get_ack_payload_pending
                0x0000000000003524                nrf_pm_there_is_ptx_packet_to_be_serviced
                0x0000000000003530                nrf_pm_get_current_ptx_pipe
                0x000000000000353c                nrf_pm_get_current_ptx_packet
                0x0000000000003548                nrf_pm_get_current_ptx_ack_ptr
                0x0000000000003554                nrf_pm_start_prx
                0x00000000000035a0                nrf_pm_search_for_ptx_pipe_to_service
                0x0000000000003620                nrf_pm_end_prx
                0x0000000000003758                nrf_pm_end_ptx
                0x00000000000037f0                nrf_pm_get_state
                0x00000000000037fc                nrf_pm_put_tx_fifo
                0x0000000000003822                nrf_pm_read_tx_fifo
                0x000000000000382a                nrf_pm_flush_tx_fifo
                0x000000000000383a                nrf_pm_get_tx_fifo_status
                0x0000000000003842                nrf_pm_read_rx_fifo
                0x000000000000384c                nrf_pm_pop_rx_fifo
                0x0000000000003856                nrf_pm_flush_rx_fifo
                0x0000000000003860                nrf_pm_get_rx_fifo_status
                0x000000000000386a                nrf_pm_start_ptx
                0x0000000000003928                nrf_pm_reserve_packet
                0x0000000000003930                nrf_pm_free_packet
                0x0000000000003938                nrf_pm_get_available_fifo_packets
                0x0000000000003940                nrf_pm_set_dyn_ack_status
                0x000000000000394c                nrf_pm_get_dyn_ack_status
                0x0000000000003958                pm_tx_pipe_to_nrf_fifo_pipe
 .text          0x000000000000395c       0x70 /home/mohammedari/nRF5_SDK_11/components/properitary_rf/gzll/gcc/gzll_gcc.a(nrf_state_machine.o)
                0x000000000000395c                nrf_sm_init
                0x000000000000396c                nrf_sm_set_next_state
                0x0000000000003988                nrf_sm_get_current_state
                0x0000000000003994                nrf_sm_get_prev_state
                0x00000000000039a0                nrf_sm_get_next_state
                0x00000000000039ac                nrf_sm_execute
 .text          0x00000000000039cc        0x8 /home/mohammedari/nRF5_SDK_11/components/properitary_rf/gzll/gcc/gzll_gcc.a(nrf_assert_internal.o)
                0x00000000000039cc                NRF_ASSERT_INTERNAL_parse_and_forward
 .text          0x00000000000039d4      0x20c /home/mohammedari/nRF5_SDK_11/components/properitary_rf/gzll/gcc/gzll_gcc.a(nrf_channel_manager.o)
                0x00000000000039d4                nrf_chm_init
                0x00000000000039f4                nrf_chm_execute_single_tick
                0x0000000000003a20                nrf_chm_execute_ticks
                0x0000000000003a84                nrf_chm_ticks_until_channel_switch
                0x0000000000003a94                nrf_chm_ticks_until_desired_channel
                0x0000000000003ad4                nrf_chm_ticks_until_current_timeslot_in_range
                0x0000000000003b18                nrf_chm_ticks_until_current_timeslot_in_range_on_desired_channel
                0x0000000000003b58                nrf_chm_get_current_channel
                0x0000000000003b80                nrf_chm_set_current_channel_index
                0x0000000000003ba4                nrf_chm_get_current_channel_index
                0x0000000000003bb0                nrf_chm_set_current_timeslot
                0x0000000000003bd4                nrf_chm_get_current_timeslot
 .text          0x0000000000003be0      0x294 /home/mohammedari/nRF5_SDK_11/components/properitary_rf/gzll/gcc/gzll_gcc.a(nrf_fifo.o)
                0x0000000000003c30                nrf_fifo_init
                0x0000000000003c84                nrf_fifo_reserve_packet
                0x0000000000003cc0                nrf_fifo_free_packet
                0x0000000000003d1c                nrf_fifo_put_packet
                0x0000000000003d88                nrf_fifo_pop_packet
                0x0000000000003dd8                nrf_fifo_read_packet
                0x0000000000003e0c                nrf_fifo_get_packet_count
                0x0000000000003e2c                nrf_fifo_get_available_packet_count
                0x0000000000003e38                nrf_fifo_flush
 .text          0x0000000000003e74      0x258 /home/mohammedari/nRF5_SDK_11/components/properitary_rf/gzll/gcc/gzll_gcc.a(nrf_flywheel.o)
                0x0000000000003e74                nrf_flw_init
                0x0000000000003eec                nrf_flw_start
                0x0000000000003f04                nrf_flw_stop
                0x0000000000003f3c                nrf_flw_get_runstate
                0x0000000000003f48                nrf_flw_task_is_delayed
                0x0000000000003f54                NRF_flw_prepare_call
                0x0000000000004050                nrf_flw_get_ext_capture_task
                0x0000000000004058                nrf_flw_get_flw_call_event
                0x0000000000004060                TIMER2_IRQHandler
 .text          0x00000000000040cc       0x14 /usr/lib/gcc/arm-none-eabi/4.9.3/armv6-m/libgcc.a(_thumb1_case_uqi.o)
                0x00000000000040cc                __gnu_thumb1_case_uqi
 .text          0x00000000000040e0      0x120 /usr/lib/gcc/arm-none-eabi/4.9.3/armv6-m/libgcc.a(_udivsi3.o)
                0x00000000000040e0                __udivsi3
                0x00000000000040e0                __aeabi_uidiv
                0x00000000000041ec                __aeabi_uidivmod
 .text          0x0000000000004200        0x4 /usr/lib/gcc/arm-none-eabi/4.9.3/armv6-m/libgcc.a(_dvmd_tls.o)
                0x0000000000004200                __aeabi_ldiv0
                0x0000000000004200                __aeabi_idiv0
 .text.memcpy   0x0000000000004204       0x12 /usr/lib/gcc/arm-none-eabi/4.9.3/../../../arm-none-eabi/lib/armv6-m/libc_nano.a(lib_a-memcpy.o)
                0x0000000000004204                memcpy
 *(.init)
 *fill*         0x0000000000004216        0x2 
 .init          0x0000000000004218        0x4 /usr/lib/gcc/arm-none-eabi/4.9.3/armv6-m/crti.o
                0x0000000000004218                _init
 .init          0x000000000000421c        0x8 /usr/lib/gcc/arm-none-eabi/4.9.3/armv6-m/crtn.o
 *(.fini)
 .fini          0x0000000000004224        0x4 /usr/lib/gcc/arm-none-eabi/4.9.3/armv6-m/crti.o
                0x0000000000004224                _fini
 .fini          0x0000000000004228        0x8 /usr/lib/gcc/arm-none-eabi/4.9.3/armv6-m/crtn.o
 *crtbegin.o(.ctors)
 *crtbegin?.o(.ctors)
 *(EXCLUDE_FILE(*crtend.o *crtend?.o) .ctors)
 *(SORT(.ctors.*))
 *(.ctors)
 *crtbegin.o(.dtors)
 *crtbegin?.o(.dtors)
 *(EXCLUDE_FILE(*crtend.o *crtend?.o) .dtors)
 *(SORT(.dtors.*))
 *(.dtors)
 *(.rodata*)
 .rodata.str1.1
                0x0000000000004230        0x2 /usr/lib/gcc/arm-none-eabi/4.9.3/../../../arm-none-eabi/lib/armv6-m/libc_nano.a(lib_a-impure.o)
 *fill*         0x0000000000004232        0x2 
 .rodata._global_impure_ptr
                0x0000000000004234        0x4 /usr/lib/gcc/arm-none-eabi/4.9.3/../../../arm-none-eabi/lib/armv6-m/libc_nano.a(lib_a-impure.o)
                0x0000000000004234                _global_impure_ptr
 .rodata        0x0000000000004238        0xc _build/main.o
 .rodata.rtc_timestamp
                0x0000000000004244        0x8 _build/main.o
                0x0000000000004244                rtc_timestamp
 .rodata        0x000000000000424c       0x20 _build/app_uart_fifo.o
 .rodata.m_default_config
                0x000000000000426c       0x20 _build/nrf_drv_uart.o
 .rodata.m_default_config
                0x000000000000428c        0x6 _build/nrf_drv_rtc.o
 .rodata        0x0000000000004292        0x2 /home/mohammedari/nRF5_SDK_11/components/properitary_rf/gzll/gcc/gzll_gcc.a(nrf_gzll.o)
 .rodata        0x0000000000004294       0x30 /home/mohammedari/nRF5_SDK_11/components/properitary_rf/gzll/gcc/gzll_gcc.a(nrf_link_core.o)
 *(.eh_frame*)
 .eh_frame      0x00000000000042c4        0x0 /usr/lib/gcc/arm-none-eabi/4.9.3/armv6-m/crtbegin.o
 .eh_frame      0x00000000000042c4        0x4 /usr/lib/gcc/arm-none-eabi/4.9.3/armv6-m/crtend.o

.glue_7         0x00000000000042c8        0x0
 .glue_7        0x00000000000042c8        0x0 linker stubs

.glue_7t        0x00000000000042c8        0x0
 .glue_7t       0x00000000000042c8        0x0 linker stubs

.vfp11_veneer   0x00000000000042c8        0x0
 .vfp11_veneer  0x00000000000042c8        0x0 linker stubs

.v4_bx          0x00000000000042c8        0x0
 .v4_bx         0x00000000000042c8        0x0 linker stubs

.iplt           0x00000000000042c8        0x0
 .iplt          0x00000000000042c8        0x0 /usr/lib/gcc/arm-none-eabi/4.9.3/armv6-m/crtbegin.o

.ARM.extab
 *(.ARM.extab* .gnu.linkonce.armextab.*)
                0x00000000000042c8                __exidx_start = .

.ARM.exidx      0x00000000000042c8        0x8
 *(.ARM.exidx* .gnu.linkonce.armexidx.*)
 .ARM.exidx     0x00000000000042c8        0x8 /usr/lib/gcc/arm-none-eabi/4.9.3/../../../arm-none-eabi/lib/armv6-m/crt0.o
                0x00000000000042d0                __exidx_end = .
                0x00000000000042d0                __etext = .

.rel.dyn        0x00000000000042d0        0x0
 .rel.iplt      0x00000000000042d0        0x0 /usr/lib/gcc/arm-none-eabi/4.9.3/armv6-m/crtbegin.o

.data           0x0000000020000000       0x88 load address 0x00000000000042d0
                0x0000000020000000                __data_start__ = .
 *(vtable)
 *(.data*)
 .data.impure_data
                0x0000000020000000       0x60 /usr/lib/gcc/arm-none-eabi/4.9.3/../../../arm-none-eabi/lib/armv6-m/libc_nano.a(lib_a-impure.o)
 .data          0x0000000020000060       0x14 /home/mohammedari/nRF5_SDK_11/components/properitary_rf/gzll/gcc/gzll_gcc.a(nrf_gzll.o)
 .data          0x0000000020000074        0x8 /home/mohammedari/nRF5_SDK_11/components/properitary_rf/gzll/gcc/gzll_gcc.a(nrf_state_machine.o)
                0x0000000020000074                state_functions
                0x000000002000007c                . = ALIGN (0x4)
                0x000000002000007c                PROVIDE (__preinit_array_start, .)
 *(.preinit_array)
                0x000000002000007c                PROVIDE (__preinit_array_end, .)
                0x000000002000007c                . = ALIGN (0x4)
                0x000000002000007c                PROVIDE (__init_array_start, .)
 *(SORT(.init_array.*))
 *(.init_array)
 .init_array    0x000000002000007c        0x4 /usr/lib/gcc/arm-none-eabi/4.9.3/armv6-m/crtbegin.o
                0x0000000020000080                PROVIDE (__init_array_end, .)
                0x0000000020000080                . = ALIGN (0x4)
                0x0000000020000080                PROVIDE (__fini_array_start, .)
 *(SORT(.fini_array.*))
 *(.fini_array)
 .fini_array    0x0000000020000080        0x4 /usr/lib/gcc/arm-none-eabi/4.9.3/armv6-m/crtbegin.o
                0x0000000020000084                PROVIDE (__fini_array_end, .)
 *(.jcr*)
 .jcr           0x0000000020000084        0x0 /usr/lib/gcc/arm-none-eabi/4.9.3/armv6-m/crtbegin.o
 .jcr           0x0000000020000084        0x4 /usr/lib/gcc/arm-none-eabi/4.9.3/armv6-m/crtend.o
                0x0000000020000088                . = ALIGN (0x4)
                0x0000000020000088                __data_end__ = .
LOAD /usr/lib/gcc/arm-none-eabi/4.9.3/armv6-m/crti.o
LOAD /usr/lib/gcc/arm-none-eabi/4.9.3/armv6-m/crtbegin.o
LOAD /usr/lib/gcc/arm-none-eabi/4.9.3/../../../arm-none-eabi/lib/armv6-m/crt0.o
LOAD /usr/lib/gcc/arm-none-eabi/4.9.3/../../../arm-none-eabi/lib/armv6-m/libc_nano.a
LOAD /usr/lib/gcc/arm-none-eabi/4.9.3/../../../arm-none-eabi/lib/armv6-m/libnosys.a
LOAD _build/system_nrf51.o
LOAD _build/main.o
LOAD _build/app_error.o
LOAD _build/app_error_weak.o
LOAD _build/app_fifo.o
LOAD _build/app_util_platform.o
LOAD _build/nrf_assert.o
LOAD _build/retarget.o
LOAD _build/app_uart_fifo.o
LOAD _build/nrf_delay.o
LOAD _build/nrf_drv_common.o
LOAD _build/nrf_drv_uart.o
LOAD _build/nrf_drv_rtc.o
LOAD _build/nrf_drv_clock.o
LOAD _build/gcc_startup_nrf51.o
LOAD /home/mohammedari/nRF5_SDK_11/components/properitary_rf/gzll/gcc/gzll_gcc.a
LOAD /usr/lib/gcc/arm-none-eabi/4.9.3/../../../arm-none-eabi/lib/armv6-m/libm.a
START GROUP
LOAD /usr/lib/gcc/arm-none-eabi/4.9.3/armv6-m/libgcc.a
LOAD /usr/lib/gcc/arm-none-eabi/4.9.3/../../../arm-none-eabi/lib/armv6-m/libc_nano.a
END GROUP
START GROUP
LOAD /usr/lib/gcc/arm-none-eabi/4.9.3/armv6-m/libgcc.a
LOAD /usr/lib/gcc/arm-none-eabi/4.9.3/../../../arm-none-eabi/lib/armv6-m/libc_nano.a
END GROUP
LOAD /usr/lib/gcc/arm-none-eabi/4.9.3/armv6-m/crtend.o
LOAD /usr/lib/gcc/arm-none-eabi/4.9.3/armv6-m/crtn.o
START GROUP
LOAD /usr/lib/gcc/arm-none-eabi/4.9.3/armv6-m/libgcc.a
LOAD /usr/lib/gcc/arm-none-eabi/4.9.3/../../../arm-none-eabi/lib/armv6-m/libc.a
LOAD /usr/lib/gcc/arm-none-eabi/4.9.3/../../../arm-none-eabi/lib/armv6-m/libnosys.a
END GROUP

.tm_clone_table
                0x0000000020000088        0x0 load address 0x0000000000004358
 .tm_clone_table
                0x0000000020000088        0x0 /usr/lib/gcc/arm-none-eabi/4.9.3/armv6-m/crtbegin.o
 .tm_clone_table
                0x0000000020000088        0x0 /usr/lib/gcc/arm-none-eabi/4.9.3/armv6-m/crtend.o

.igot.plt       0x0000000020000088        0x0 load address 0x0000000000004358
 .igot.plt      0x0000000020000088        0x0 /usr/lib/gcc/arm-none-eabi/4.9.3/armv6-m/crtbegin.o

.fs_data        0x0000000020000088        0x0
                [!provide]                        PROVIDE (__start_fs_data, .)
 *(.fs_data)
                [!provide]                        PROVIDE (__stop_fs_data, .)

.bss            0x0000000020000088      0x664 load address 0x0000000000004358
                0x0000000020000088                . = ALIGN (0x4)
                0x0000000020000088                __bss_start__ = .
 *(.bss*)
 .bss           0x0000000020000088       0x1c /usr/lib/gcc/arm-none-eabi/4.9.3/armv6-m/crtbegin.o
 .bss._global_atexit0
                0x00000000200000a4       0x8c /usr/lib/gcc/arm-none-eabi/4.9.3/../../../arm-none-eabi/lib/armv6-m/libc_nano.a(lib_a-__atexit.o)
 .bss._global_atexit
                0x0000000020000130        0x4 /usr/lib/gcc/arm-none-eabi/4.9.3/../../../arm-none-eabi/lib/armv6-m/libc_nano.a(lib_a-__call_atexit.o)
                0x0000000020000130                _global_atexit
 .bss.timestamp
                0x0000000020000134        0x4 _build/main.o
                0x0000000020000134                timestamp
 .bss.ack_payload
                0x0000000020000138        0x4 _build/main.o
 .bss.right_timestamp
                0x000000002000013c        0x4 _build/main.o
                0x000000002000013c                right_timestamp
 .bss.packet_received_right
                0x0000000020000140        0x1 _build/main.o
 *fill*         0x0000000020000141        0x3 
 .bss.data_buffer
                0x0000000020000144        0x8 _build/main.o
 .bss.packet_received_left
                0x000000002000014c        0x1 _build/main.o
 *fill*         0x000000002000014d        0x3 
 .bss.ticks     0x0000000020000150        0x4 _build/main.o
                0x0000000020000150                ticks
 .bss.left_timestamp
                0x0000000020000154        0x4 _build/main.o
                0x0000000020000154                left_timestamp
 .bss.payload   0x0000000020000158       0x40 _build/main.o
 .bss.rx_buf.6632
                0x0000000020000198        0x1 _build/main.o
 *fill*         0x0000000020000199        0x3 
 .bss.tx_buf.6633
                0x000000002000019c      0x100 _build/main.o
 .bss.m_in_critical_region
                0x000000002000029c        0x4 _build/app_util_platform.o
 .bss.tx_buffer
                0x00000000200002a0        0x1 _build/app_uart_fifo.o
 *fill*         0x00000000200002a1        0x3 
 .bss.m_event_handler
                0x00000000200002a4        0x4 _build/app_uart_fifo.o
 .bss.rx_buffer
                0x00000000200002a8        0x1 _build/app_uart_fifo.o
 *fill*         0x00000000200002a9        0x3 
 .bss.m_tx_fifo
                0x00000000200002ac       0x10 _build/app_uart_fifo.o
 .bss.m_rx_fifo
                0x00000000200002bc       0x10 _build/app_uart_fifo.o
 .bss.m_cb      0x00000000200002cc       0x1c _build/nrf_drv_uart.o
 .bss.m_handlers
                0x00000000200002e8        0x4 _build/nrf_drv_rtc.o
 .bss.m_cb      0x00000000200002ec        0x3 _build/nrf_drv_rtc.o
 *fill*         0x00000000200002ef        0x1 
 .bss.m_clock_cb
                0x00000000200002f0       0x24 _build/nrf_drv_clock.o
 .bss           0x0000000020000314       0x18 /home/mohammedari/nRF5_SDK_11/components/properitary_rf/gzll/gcc/gzll_gcc.a(nrf_gzll.o)
                0x0000000020000328                assert_count
 .bss           0x000000002000032c       0x10 /home/mohammedari/nRF5_SDK_11/components/properitary_rf/gzll/gcc/gzll_gcc.a(nrf_impala.o)
 .bss           0x000000002000033c        0x4 /home/mohammedari/nRF5_SDK_11/components/properitary_rf/gzll/gcc/gzll_gcc.a(nrf_link_core.o)
 .bss           0x0000000020000340        0xc /home/mohammedari/nRF5_SDK_11/components/properitary_rf/gzll/gcc/gzll_gcc.a(nrf_channel_manager.o)
 .bss           0x000000002000034c        0x8 /home/mohammedari/nRF5_SDK_11/components/properitary_rf/gzll/gcc/gzll_gcc.a(nrf_flywheel.o)
 *(COMMON)
 COMMON         0x0000000020000354        0x1 /home/mohammedari/nRF5_SDK_11/components/properitary_rf/gzll/gcc/gzll_gcc.a(nrf_gzll.o)
                0x0000000020000354                nrf_gzll_error_code
 *fill*         0x0000000020000355        0x3 
 COMMON         0x0000000020000358       0x6c /home/mohammedari/nRF5_SDK_11/components/properitary_rf/gzll/gcc/gzll_gcc.a(nrf_impala.o)
                0x0000000020000358                nrf_impl_status
                0x0000000020000374                lcore_config
                0x000000002000038c                impl_async_state
                0x0000000020000390                impl_internal_params
 COMMON         0x00000000200003c4       0x24 /home/mohammedari/nRF5_SDK_11/components/properitary_rf/gzll/gcc/gzll_gcc.a(nrf_link_core.o)
                0x00000000200003c4                nrf_lcore_status
 COMMON         0x00000000200003e8       0x88 /home/mohammedari/nRF5_SDK_11/components/properitary_rf/gzll/gcc/gzll_gcc.a(nrf_notification_manager.o)
                0x00000000200003e8                nm_status
 COMMON         0x0000000020000470       0x9c /home/mohammedari/nRF5_SDK_11/components/properitary_rf/gzll/gcc/gzll_gcc.a(nrf_packet_manager.o)
                0x0000000020000470                pm_status
                0x0000000020000504                nrf_pm_ack_payload_pending
 COMMON         0x000000002000050c        0x3 /home/mohammedari/nRF5_SDK_11/components/properitary_rf/gzll/gcc/gzll_gcc.a(nrf_state_machine.o)
                0x000000002000050c                sm_status
 *fill*         0x000000002000050f        0x1 
 COMMON         0x0000000020000510      0x1d8 /home/mohammedari/nRF5_SDK_11/components/properitary_rf/gzll/gcc/gzll_gcc.a(nrf_fifo.o)
                0x0000000020000510                available_packet_count
                0x0000000020000514                available_packets
                0x000000002000052c                pipe_status
                0x000000002000055c                fifo_contents
                0x000000002000061c                packet_pool
 COMMON         0x00000000200006e8        0x1 /home/mohammedari/nRF5_SDK_11/components/properitary_rf/gzll/gcc/gzll_gcc.a(nrf_flywheel.o)
                0x00000000200006e8                runstate
                0x00000000200006ec                . = ALIGN (0x4)
 *fill*         0x00000000200006e9        0x3 
                0x00000000200006ec                __bss_end__ = .

.heap           0x00000000200006f0      0x800
                0x00000000200006f0                __end__ = .
                [!provide]                        PROVIDE (end, .)
 *(.heap*)
 .heap          0x00000000200006f0      0x800 _build/gcc_startup_nrf51.o
                0x00000000200006f0                __HeapBase
                0x0000000020000ef0                __HeapLimit = .

.stack_dummy    0x00000000200006f0      0x800
 *(.stack*)
 .stack         0x00000000200006f0      0x800 _build/gcc_startup_nrf51.o
                0x0000000020004000                __StackTop = (ORIGIN (RAM) + LENGTH (RAM))
                0x0000000020003800                __StackLimit = (__StackTop - SIZEOF (.stack_dummy))
                0x0000000020004000                PROVIDE (__stack, __StackTop)
                0x0000000000000001                ASSERT ((__StackLimit >= __HeapLimit), region RAM overflowed with stack)
OUTPUT(_build/nrf51822_xxac.out elf32-littlearm)

.ARM.attributes
                0x0000000000000000       0x28
 .ARM.attributes
                0x0000000000000000       0x1e /usr/lib/gcc/arm-none-eabi/4.9.3/armv6-m/crti.o
 .ARM.attributes
                0x000000000000001e       0x2c /usr/lib/gcc/arm-none-eabi/4.9.3/armv6-m/crtbegin.o
 .ARM.attributes
                0x000000000000004a       0x1b /usr/lib/gcc/arm-none-eabi/4.9.3/../../../arm-none-eabi/lib/armv6-m/crt0.o
 .ARM.attributes
                0x0000000000000065       0x2c /usr/lib/gcc/arm-none-eabi/4.9.3/../../../arm-none-eabi/lib/armv6-m/libc_nano.a(lib_a-atexit.o)
 .ARM.attributes
                0x0000000000000091       0x2c /usr/lib/gcc/arm-none-eabi/4.9.3/../../../arm-none-eabi/lib/armv6-m/libc_nano.a(lib_a-exit.o)
 .ARM.attributes
                0x00000000000000bd       0x2c /usr/lib/gcc/arm-none-eabi/4.9.3/../../../arm-none-eabi/lib/armv6-m/libc_nano.a(lib_a-fini.o)
 .ARM.attributes
                0x00000000000000e9       0x2c /usr/lib/gcc/arm-none-eabi/4.9.3/../../../arm-none-eabi/lib/armv6-m/libc_nano.a(lib_a-impure.o)
 .ARM.attributes
                0x0000000000000115       0x2c /usr/lib/gcc/arm-none-eabi/4.9.3/../../../arm-none-eabi/lib/armv6-m/libc_nano.a(lib_a-init.o)
 .ARM.attributes
                0x0000000000000141       0x2c /usr/lib/gcc/arm-none-eabi/4.9.3/../../../arm-none-eabi/lib/armv6-m/libc_nano.a(lib_a-memset.o)
 .ARM.attributes
                0x000000000000016d       0x2c /usr/lib/gcc/arm-none-eabi/4.9.3/../../../arm-none-eabi/lib/armv6-m/libc_nano.a(lib_a-__atexit.o)
 .ARM.attributes
                0x0000000000000199       0x2c /usr/lib/gcc/arm-none-eabi/4.9.3/../../../arm-none-eabi/lib/armv6-m/libc_nano.a(lib_a-__call_atexit.o)
 .ARM.attributes
                0x00000000000001c5       0x2c /usr/lib/gcc/arm-none-eabi/4.9.3/../../../arm-none-eabi/lib/armv6-m/libnosys.a(_exit.o)
 .ARM.attributes
                0x00000000000001f1       0x31 _build/system_nrf51.o
 .ARM.attributes
                0x0000000000000222       0x31 _build/main.o
 .ARM.attributes
                0x0000000000000253       0x31 _build/app_error.o
 .ARM.attributes
                0x0000000000000284       0x31 _build/app_error_weak.o
 .ARM.attributes
                0x00000000000002b5       0x31 _build/app_fifo.o
 .ARM.attributes
                0x00000000000002e6       0x31 _build/app_util_platform.o
 .ARM.attributes
                0x0000000000000317       0x31 _build/app_uart_fifo.o
 .ARM.attributes
                0x0000000000000348       0x31 _build/nrf_drv_common.o
 .ARM.attributes
                0x0000000000000379       0x31 _build/nrf_drv_uart.o
 .ARM.attributes
                0x00000000000003aa       0x31 _build/nrf_drv_rtc.o
 .ARM.attributes
                0x00000000000003db       0x31 _build/nrf_drv_clock.o
 .ARM.attributes
                0x000000000000040c       0x1b _build/gcc_startup_nrf51.o
 .ARM.attributes
                0x0000000000000427       0x31 /home/mohammedari/nRF5_SDK_11/components/properitary_rf/gzll/gcc/gzll_gcc.a(nrf_gzll.o)
 .ARM.attributes
                0x0000000000000458       0x31 /home/mohammedari/nRF5_SDK_11/components/properitary_rf/gzll/gcc/gzll_gcc.a(nrf_impala.o)
 .ARM.attributes
                0x0000000000000489       0x31 /home/mohammedari/nRF5_SDK_11/components/properitary_rf/gzll/gcc/gzll_gcc.a(nrf_link_core.o)
 .ARM.attributes
                0x00000000000004ba       0x31 /home/mohammedari/nRF5_SDK_11/components/properitary_rf/gzll/gcc/gzll_gcc.a(nrf_notification_manager.o)
 .ARM.attributes
                0x00000000000004eb       0x31 /home/mohammedari/nRF5_SDK_11/components/properitary_rf/gzll/gcc/gzll_gcc.a(nrf_packet_manager.o)
 .ARM.attributes
                0x000000000000051c       0x31 /home/mohammedari/nRF5_SDK_11/components/properitary_rf/gzll/gcc/gzll_gcc.a(nrf_state_machine.o)
 .ARM.attributes
                0x000000000000054d       0x31 /home/mohammedari/nRF5_SDK_11/components/properitary_rf/gzll/gcc/gzll_gcc.a(nrf_assert_internal.o)
 .ARM.attributes
                0x000000000000057e       0x31 /home/mohammedari/nRF5_SDK_11/components/properitary_rf/gzll/gcc/gzll_gcc.a(nrf_channel_manager.o)
 .ARM.attributes
                0x00000000000005af       0x31 /home/mohammedari/nRF5_SDK_11/components/properitary_rf/gzll/gcc/gzll_gcc.a(nrf_fifo.o)
 .ARM.attributes
                0x00000000000005e0       0x31 /home/mohammedari/nRF5_SDK_11/components/properitary_rf/gzll/gcc/gzll_gcc.a(nrf_flywheel.o)
 .ARM.attributes
                0x0000000000000611       0x1e /usr/lib/gcc/arm-none-eabi/4.9.3/armv6-m/libgcc.a(_thumb1_case_uqi.o)
 .ARM.attributes
                0x000000000000062f       0x1e /usr/lib/gcc/arm-none-eabi/4.9.3/armv6-m/libgcc.a(_udivsi3.o)
 .ARM.attributes
                0x000000000000064d       0x1e /usr/lib/gcc/arm-none-eabi/4.9.3/armv6-m/libgcc.a(_dvmd_tls.o)
 .ARM.attributes
                0x000000000000066b       0x2c /usr/lib/gcc/arm-none-eabi/4.9.3/../../../arm-none-eabi/lib/armv6-m/libc_nano.a(lib_a-memcpy.o)
 .ARM.attributes
                0x0000000000000697       0x2c /usr/lib/gcc/arm-none-eabi/4.9.3/armv6-m/crtend.o
 .ARM.attributes
                0x00000000000006c3       0x1e /usr/lib/gcc/arm-none-eabi/4.9.3/armv6-m/crtn.o

.comment        0x0000000000000000       0xe0
 .comment       0x0000000000000000       0x38 /usr/lib/gcc/arm-none-eabi/4.9.3/armv6-m/crtbegin.o
                                         0x39 (size before relaxing)
 .comment       0x0000000000000038       0x38 /usr/lib/gcc/arm-none-eabi/4.9.3/../../../arm-none-eabi/lib/armv6-m/libc_nano.a(lib_a-atexit.o)
                                         0x39 (size before relaxing)
 .comment       0x0000000000000070       0x39 /usr/lib/gcc/arm-none-eabi/4.9.3/../../../arm-none-eabi/lib/armv6-m/libc_nano.a(lib_a-exit.o)
 .comment       0x0000000000000070       0x39 /usr/lib/gcc/arm-none-eabi/4.9.3/../../../arm-none-eabi/lib/armv6-m/libc_nano.a(lib_a-fini.o)
 .comment       0x0000000000000070       0x39 /usr/lib/gcc/arm-none-eabi/4.9.3/../../../arm-none-eabi/lib/armv6-m/libc_nano.a(lib_a-impure.o)
 .comment       0x0000000000000070       0x39 /usr/lib/gcc/arm-none-eabi/4.9.3/../../../arm-none-eabi/lib/armv6-m/libc_nano.a(lib_a-init.o)
 .comment       0x0000000000000070       0x39 /usr/lib/gcc/arm-none-eabi/4.9.3/../../../arm-none-eabi/lib/armv6-m/libc_nano.a(lib_a-memset.o)
 .comment       0x0000000000000070       0x39 /usr/lib/gcc/arm-none-eabi/4.9.3/../../../arm-none-eabi/lib/armv6-m/libc_nano.a(lib_a-__atexit.o)
 .comment       0x0000000000000070       0x39 /usr/lib/gcc/arm-none-eabi/4.9.3/../../../arm-none-eabi/lib/armv6-m/libc_nano.a(lib_a-__call_atexit.o)
 .comment       0x0000000000000070       0x39 /usr/lib/gcc/arm-none-eabi/4.9.3/../../../arm-none-eabi/lib/armv6-m/libnosys.a(_exit.o)
 .comment       0x0000000000000070       0x39 _build/system_nrf51.o
 .comment       0x0000000000000070       0x39 _build/main.o
 .comment       0x0000000000000070       0x39 _build/app_error.o
 .comment       0x0000000000000070       0x39 _build/app_error_weak.o
 .comment       0x0000000000000070       0x39 _build/app_fifo.o
 .comment       0x0000000000000070       0x39 _build/app_util_platform.o
 .comment       0x0000000000000070       0x39 _build/app_uart_fifo.o
 .comment       0x0000000000000070       0x39 _build/nrf_drv_common.o
 .comment       0x0000000000000070       0x39 _build/nrf_drv_uart.o
 .comment       0x0000000000000070       0x39 _build/nrf_drv_rtc.o
 .comment       0x0000000000000070       0x39 _build/nrf_drv_clock.o
 .comment       0x0000000000000070       0x70 /home/mohammedari/nRF5_SDK_11/components/properitary_rf/gzll/gcc/gzll_gcc.a(nrf_gzll.o)
                                         0x71 (size before relaxing)
 .comment       0x00000000000000e0       0x71 /home/mohammedari/nRF5_SDK_11/components/properitary_rf/gzll/gcc/gzll_gcc.a(nrf_impala.o)
 .comment       0x00000000000000e0       0x71 /home/mohammedari/nRF5_SDK_11/components/properitary_rf/gzll/gcc/gzll_gcc.a(nrf_link_core.o)
 .comment       0x00000000000000e0       0x71 /home/mohammedari/nRF5_SDK_11/components/properitary_rf/gzll/gcc/gzll_gcc.a(nrf_notification_manager.o)
 .comment       0x00000000000000e0       0x71 /home/mohammedari/nRF5_SDK_11/components/properitary_rf/gzll/gcc/gzll_gcc.a(nrf_packet_manager.o)
 .comment       0x00000000000000e0       0x71 /home/mohammedari/nRF5_SDK_11/components/properitary_rf/gzll/gcc/gzll_gcc.a(nrf_state_machine.o)
 .comment       0x00000000000000e0       0x71 /home/mohammedari/nRF5_SDK_11/components/properitary_rf/gzll/gcc/gzll_gcc.a(nrf_assert_internal.o)
 .comment       0x00000000000000e0       0x71 /home/mohammedari/nRF5_SDK_11/components/properitary_rf/gzll/gcc/gzll_gcc.a(nrf_channel_manager.o)
 .comment       0x00000000000000e0       0x71 /home/mohammedari/nRF5_SDK_11/components/properitary_rf/gzll/gcc/gzll_gcc.a(nrf_fifo.o)
 .comment       0x00000000000000e0       0x71 /home/mohammedari/nRF5_SDK_11/components/properitary_rf/gzll/gcc/gzll_gcc.a(nrf_flywheel.o)
 .comment       0x00000000000000e0       0x39 /usr/lib/gcc/arm-none-eabi/4.9.3/../../../arm-none-eabi/lib/armv6-m/libc_nano.a(lib_a-memcpy.o)
 .comment       0x00000000000000e0       0x39 /usr/lib/gcc/arm-none-eabi/4.9.3/armv6-m/crtend.o

.debug_line     0x0000000000000000     0x534a
 .debug_line    0x0000000000000000       0x80 /usr/lib/gcc/arm-none-eabi/4.9.3/../../../arm-none-eabi/lib/armv6-m/crt0.o
 .debug_line    0x0000000000000080       0xc3 /usr/lib/gcc/arm-none-eabi/4.9.3/../../../arm-none-eabi/lib/armv6-m/libc_nano.a(lib_a-atexit.o)
 .debug_line    0x0000000000000143      0x169 /usr/lib/gcc/arm-none-eabi/4.9.3/../../../arm-none-eabi/lib/armv6-m/libc_nano.a(lib_a-exit.o)
 .debug_line    0x00000000000002ac       0x9b /usr/lib/gcc/arm-none-eabi/4.9.3/../../../arm-none-eabi/lib/armv6-m/libc_nano.a(lib_a-fini.o)
 .debug_line    0x0000000000000347       0xf1 /usr/lib/gcc/arm-none-eabi/4.9.3/../../../arm-none-eabi/lib/armv6-m/libc_nano.a(lib_a-impure.o)
 .debug_line    0x0000000000000438       0xb5 /usr/lib/gcc/arm-none-eabi/4.9.3/../../../arm-none-eabi/lib/armv6-m/libc_nano.a(lib_a-init.o)
 .debug_line    0x00000000000004ed       0xed /usr/lib/gcc/arm-none-eabi/4.9.3/../../../arm-none-eabi/lib/armv6-m/libc_nano.a(lib_a-memset.o)
 .debug_line    0x00000000000005da      0x17e /usr/lib/gcc/arm-none-eabi/4.9.3/../../../arm-none-eabi/lib/armv6-m/libc_nano.a(lib_a-__atexit.o)
 .debug_line    0x0000000000000758      0x172 /usr/lib/gcc/arm-none-eabi/4.9.3/../../../arm-none-eabi/lib/armv6-m/libc_nano.a(lib_a-__call_atexit.o)
 .debug_line    0x00000000000008ca       0x5d /usr/lib/gcc/arm-none-eabi/4.9.3/../../../arm-none-eabi/lib/armv6-m/libnosys.a(_exit.o)
 .debug_line    0x0000000000000927      0x2a3 _build/system_nrf51.o
 .debug_line    0x0000000000000bca      0x8c0 _build/main.o
 .debug_line    0x000000000000148a      0x448 _build/app_error.o
 .debug_line    0x00000000000018d2      0x40b _build/app_error_weak.o
 .debug_line    0x0000000000001cdd      0x560 _build/app_fifo.o
 .debug_line    0x000000000000223d      0x485 _build/app_util_platform.o
 .debug_line    0x00000000000026c2      0x731 _build/app_uart_fifo.o
 .debug_line    0x0000000000002df3      0x551 _build/nrf_drv_common.o
 .debug_line    0x0000000000003344      0xb13 _build/nrf_drv_uart.o
 .debug_line    0x0000000000003e57      0x908 _build/nrf_drv_rtc.o
 .debug_line    0x000000000000475f      0x9ca _build/nrf_drv_clock.o
 .debug_line    0x0000000000005129       0x66 /usr/lib/gcc/arm-none-eabi/4.9.3/armv6-m/libgcc.a(_thumb1_case_uqi.o)
 .debug_line    0x000000000000518f       0x6c /usr/lib/gcc/arm-none-eabi/4.9.3/armv6-m/libgcc.a(_udivsi3.o)
 .debug_line    0x00000000000051fb       0x5e /usr/lib/gcc/arm-none-eabi/4.9.3/armv6-m/libgcc.a(_dvmd_tls.o)
 .debug_line    0x0000000000005259       0xf1 /usr/lib/gcc/arm-none-eabi/4.9.3/../../../arm-none-eabi/lib/armv6-m/libc_nano.a(lib_a-memcpy.o)

.debug_info     0x0000000000000000     0x9622
 .debug_info    0x0000000000000000       0xa8 /usr/lib/gcc/arm-none-eabi/4.9.3/../../../arm-none-eabi/lib/armv6-m/crt0.o
 .debug_info    0x00000000000000a8      0x10a /usr/lib/gcc/arm-none-eabi/4.9.3/../../../arm-none-eabi/lib/armv6-m/libc_nano.a(lib_a-atexit.o)
 .debug_info    0x00000000000001b2      0x7a6 /usr/lib/gcc/arm-none-eabi/4.9.3/../../../arm-none-eabi/lib/armv6-m/libc_nano.a(lib_a-exit.o)
 .debug_info    0x0000000000000958       0xeb /usr/lib/gcc/arm-none-eabi/4.9.3/../../../arm-none-eabi/lib/armv6-m/libc_nano.a(lib_a-fini.o)
 .debug_info    0x0000000000000a43      0x7d3 /usr/lib/gcc/arm-none-eabi/4.9.3/../../../arm-none-eabi/lib/armv6-m/libc_nano.a(lib_a-impure.o)
 .debug_info    0x0000000000001216      0x105 /usr/lib/gcc/arm-none-eabi/4.9.3/../../../arm-none-eabi/lib/armv6-m/libc_nano.a(lib_a-init.o)
 .debug_info    0x000000000000131b       0xd3 /usr/lib/gcc/arm-none-eabi/4.9.3/../../../arm-none-eabi/lib/armv6-m/libc_nano.a(lib_a-memset.o)
 .debug_info    0x00000000000013ee      0x23b /usr/lib/gcc/arm-none-eabi/4.9.3/../../../arm-none-eabi/lib/armv6-m/libc_nano.a(lib_a-__atexit.o)
 .debug_info    0x0000000000001629      0x242 /usr/lib/gcc/arm-none-eabi/4.9.3/../../../arm-none-eabi/lib/armv6-m/libc_nano.a(lib_a-__call_atexit.o)
 .debug_info    0x000000000000186b       0x58 /usr/lib/gcc/arm-none-eabi/4.9.3/../../../arm-none-eabi/lib/armv6-m/libnosys.a(_exit.o)
 .debug_info    0x00000000000018c3      0x1d9 _build/system_nrf51.o
 .debug_info    0x0000000000001a9c      0xecd _build/main.o
 .debug_info    0x0000000000002969      0x334 _build/app_error.o
 .debug_info    0x0000000000002c9d      0x1ec _build/app_error_weak.o
 .debug_info    0x0000000000002e89      0x5de _build/app_fifo.o
 .debug_info    0x0000000000003467      0x1c1 _build/app_util_platform.o
 .debug_info    0x0000000000003628      0xaed _build/app_uart_fifo.o
 .debug_info    0x0000000000004115      0x42d _build/nrf_drv_common.o
 .debug_info    0x0000000000004542     0x2478 _build/nrf_drv_uart.o
 .debug_info    0x00000000000069ba     0x131c _build/nrf_drv_rtc.o
 .debug_info    0x0000000000007cd6     0x161f _build/nrf_drv_clock.o
 .debug_info    0x00000000000092f5       0xb9 /usr/lib/gcc/arm-none-eabi/4.9.3/armv6-m/libgcc.a(_thumb1_case_uqi.o)
 .debug_info    0x00000000000093ae       0xb9 /usr/lib/gcc/arm-none-eabi/4.9.3/armv6-m/libgcc.a(_udivsi3.o)
 .debug_info    0x0000000000009467       0xb9 /usr/lib/gcc/arm-none-eabi/4.9.3/armv6-m/libgcc.a(_dvmd_tls.o)
 .debug_info    0x0000000000009520      0x102 /usr/lib/gcc/arm-none-eabi/4.9.3/../../../arm-none-eabi/lib/armv6-m/libc_nano.a(lib_a-memcpy.o)

.debug_abbrev   0x0000000000000000     0x21cd
 .debug_abbrev  0x0000000000000000       0x14 /usr/lib/gcc/arm-none-eabi/4.9.3/../../../arm-none-eabi/lib/armv6-m/crt0.o
 .debug_abbrev  0x0000000000000014       0xb5 /usr/lib/gcc/arm-none-eabi/4.9.3/../../../arm-none-eabi/lib/armv6-m/libc_nano.a(lib_a-atexit.o)
 .debug_abbrev  0x00000000000000c9      0x18b /usr/lib/gcc/arm-none-eabi/4.9.3/../../../arm-none-eabi/lib/armv6-m/libc_nano.a(lib_a-exit.o)
 .debug_abbrev  0x0000000000000254       0xb8 /usr/lib/gcc/arm-none-eabi/4.9.3/../../../arm-none-eabi/lib/armv6-m/libc_nano.a(lib_a-fini.o)
 .debug_abbrev  0x000000000000030c      0x136 /usr/lib/gcc/arm-none-eabi/4.9.3/../../../arm-none-eabi/lib/armv6-m/libc_nano.a(lib_a-impure.o)
 .debug_abbrev  0x0000000000000442       0xba /usr/lib/gcc/arm-none-eabi/4.9.3/../../../arm-none-eabi/lib/armv6-m/libc_nano.a(lib_a-init.o)
 .debug_abbrev  0x00000000000004fc       0x8e /usr/lib/gcc/arm-none-eabi/4.9.3/../../../arm-none-eabi/lib/armv6-m/libc_nano.a(lib_a-memset.o)
 .debug_abbrev  0x000000000000058a      0x180 /usr/lib/gcc/arm-none-eabi/4.9.3/../../../arm-none-eabi/lib/armv6-m/libc_nano.a(lib_a-__atexit.o)
 .debug_abbrev  0x000000000000070a      0x16d /usr/lib/gcc/arm-none-eabi/4.9.3/../../../arm-none-eabi/lib/armv6-m/libc_nano.a(lib_a-__call_atexit.o)
 .debug_abbrev  0x0000000000000877       0x55 /usr/lib/gcc/arm-none-eabi/4.9.3/../../../arm-none-eabi/lib/armv6-m/libnosys.a(_exit.o)
 .debug_abbrev  0x00000000000008cc       0xfc _build/system_nrf51.o
 .debug_abbrev  0x00000000000009c8      0x364 _build/main.o
 .debug_abbrev  0x0000000000000d2c      0x130 _build/app_error.o
 .debug_abbrev  0x0000000000000e5c      0x108 _build/app_error_weak.o
 .debug_abbrev  0x0000000000000f64      0x17b _build/app_fifo.o
 .debug_abbrev  0x00000000000010df       0xeb _build/app_util_platform.o
 .debug_abbrev  0x00000000000011ca      0x242 _build/app_uart_fifo.o
 .debug_abbrev  0x000000000000140c      0x16c _build/nrf_drv_common.o
 .debug_abbrev  0x0000000000001578      0x3f8 _build/nrf_drv_uart.o
 .debug_abbrev  0x0000000000001970      0x355 _build/nrf_drv_rtc.o
 .debug_abbrev  0x0000000000001cc5      0x428 _build/nrf_drv_clock.o
 .debug_abbrev  0x00000000000020ed       0x14 /usr/lib/gcc/arm-none-eabi/4.9.3/armv6-m/libgcc.a(_thumb1_case_uqi.o)
 .debug_abbrev  0x0000000000002101       0x14 /usr/lib/gcc/arm-none-eabi/4.9.3/armv6-m/libgcc.a(_udivsi3.o)
 .debug_abbrev  0x0000000000002115       0x14 /usr/lib/gcc/arm-none-eabi/4.9.3/armv6-m/libgcc.a(_dvmd_tls.o)
 .debug_abbrev  0x0000000000002129       0xa4 /usr/lib/gcc/arm-none-eabi/4.9.3/../../../arm-none-eabi/lib/armv6-m/libc_nano.a(lib_a-memcpy.o)

.debug_aranges  0x0000000000000000      0x4f0
 .debug_aranges
                0x0000000000000000       0x20 /usr/lib/gcc/arm-none-eabi/4.9.3/../../../arm-none-eabi/lib/armv6-m/crt0.o
 .debug_aranges
                0x0000000000000020       0x20 /usr/lib/gcc/arm-none-eabi/4.9.3/../../../arm-none-eabi/lib/armv6-m/libc_nano.a(lib_a-atexit.o)
 .debug_aranges
                0x0000000000000040       0x20 /usr/lib/gcc/arm-none-eabi/4.9.3/../../../arm-none-eabi/lib/armv6-m/libc_nano.a(lib_a-exit.o)
 .debug_aranges
                0x0000000000000060       0x20 /usr/lib/gcc/arm-none-eabi/4.9.3/../../../arm-none-eabi/lib/armv6-m/libc_nano.a(lib_a-fini.o)
 .debug_aranges
                0x0000000000000080       0x18 /usr/lib/gcc/arm-none-eabi/4.9.3/../../../arm-none-eabi/lib/armv6-m/libc_nano.a(lib_a-impure.o)
 .debug_aranges
                0x0000000000000098       0x20 /usr/lib/gcc/arm-none-eabi/4.9.3/../../../arm-none-eabi/lib/armv6-m/libc_nano.a(lib_a-init.o)
 .debug_aranges
                0x00000000000000b8       0x20 /usr/lib/gcc/arm-none-eabi/4.9.3/../../../arm-none-eabi/lib/armv6-m/libc_nano.a(lib_a-memset.o)
 .debug_aranges
                0x00000000000000d8       0x20 /usr/lib/gcc/arm-none-eabi/4.9.3/../../../arm-none-eabi/lib/armv6-m/libc_nano.a(lib_a-__atexit.o)
 .debug_aranges
                0x00000000000000f8       0x20 /usr/lib/gcc/arm-none-eabi/4.9.3/../../../arm-none-eabi/lib/armv6-m/libc_nano.a(lib_a-__call_atexit.o)
 .debug_aranges
                0x0000000000000118       0x20 /usr/lib/gcc/arm-none-eabi/4.9.3/../../../arm-none-eabi/lib/armv6-m/libnosys.a(_exit.o)
 .debug_aranges
                0x0000000000000138       0x28 _build/system_nrf51.o
 .debug_aranges
                0x0000000000000160       0x68 _build/main.o
 .debug_aranges
                0x00000000000001c8       0x30 _build/app_error.o
 .debug_aranges
                0x00000000000001f8       0x20 _build/app_error_weak.o
 .debug_aranges
                0x0000000000000218       0x50 _build/app_fifo.o
 .debug_aranges
                0x0000000000000268       0x38 _build/app_util_platform.o
 .debug_aranges
                0x00000000000002a0       0x48 _build/app_uart_fifo.o
 .debug_aranges
                0x00000000000002e8       0x20 _build/nrf_drv_common.o
 .debug_aranges
                0x0000000000000308       0x70 _build/nrf_drv_uart.o
 .debug_aranges
                0x0000000000000378       0x78 _build/nrf_drv_rtc.o
 .debug_aranges
                0x00000000000003f0       0x80 _build/nrf_drv_clock.o
 .debug_aranges
                0x0000000000000470       0x20 /usr/lib/gcc/arm-none-eabi/4.9.3/armv6-m/libgcc.a(_thumb1_case_uqi.o)
 .debug_aranges
                0x0000000000000490       0x20 /usr/lib/gcc/arm-none-eabi/4.9.3/armv6-m/libgcc.a(_udivsi3.o)
 .debug_aranges
                0x00000000000004b0       0x20 /usr/lib/gcc/arm-none-eabi/4.9.3/armv6-m/libgcc.a(_dvmd_tls.o)
 .debug_aranges
                0x00000000000004d0       0x20 /usr/lib/gcc/arm-none-eabi/4.9.3/../../../arm-none-eabi/lib/armv6-m/libc_nano.a(lib_a-memcpy.o)

.debug_loc      0x0000000000000000     0x35d1
 .debug_loc     0x0000000000000000       0x2c /usr/lib/gcc/arm-none-eabi/4.9.3/../../../arm-none-eabi/lib/armv6-m/libc_nano.a(lib_a-atexit.o)
 .debug_loc     0x000000000000002c       0x1e /usr/lib/gcc/arm-none-eabi/4.9.3/../../../arm-none-eabi/lib/armv6-m/libc_nano.a(lib_a-exit.o)
 .debug_loc     0x000000000000004a       0x2b /usr/lib/gcc/arm-none-eabi/4.9.3/../../../arm-none-eabi/lib/armv6-m/libc_nano.a(lib_a-fini.o)
 .debug_loc     0x0000000000000075       0x3c /usr/lib/gcc/arm-none-eabi/4.9.3/../../../arm-none-eabi/lib/armv6-m/libc_nano.a(lib_a-init.o)
 .debug_loc     0x00000000000000b1       0x87 /usr/lib/gcc/arm-none-eabi/4.9.3/../../../arm-none-eabi/lib/armv6-m/libc_nano.a(lib_a-memset.o)
 .debug_loc     0x0000000000000138      0x198 /usr/lib/gcc/arm-none-eabi/4.9.3/../../../arm-none-eabi/lib/armv6-m/libc_nano.a(lib_a-__atexit.o)
 .debug_loc     0x00000000000002d0      0x18c /usr/lib/gcc/arm-none-eabi/4.9.3/../../../arm-none-eabi/lib/armv6-m/libc_nano.a(lib_a-__call_atexit.o)
 .debug_loc     0x000000000000045c       0xb8 _build/main.o
 .debug_loc     0x0000000000000514      0x149 _build/app_error.o
 .debug_loc     0x000000000000065d       0x21 _build/app_error_weak.o
 .debug_loc     0x000000000000067e      0x592 _build/app_fifo.o
 .debug_loc     0x0000000000000c10      0x3bd _build/app_uart_fifo.o
 .debug_loc     0x0000000000000fcd       0xa2 _build/nrf_drv_common.o
 .debug_loc     0x000000000000106f     0x1170 _build/nrf_drv_uart.o
 .debug_loc     0x00000000000021df      0xe3a _build/nrf_drv_rtc.o
 .debug_loc     0x0000000000003019      0x4e9 _build/nrf_drv_clock.o
 .debug_loc     0x0000000000003502       0xcf /usr/lib/gcc/arm-none-eabi/4.9.3/../../../arm-none-eabi/lib/armv6-m/libc_nano.a(lib_a-memcpy.o)

.debug_ranges   0x0000000000000000      0xf48
 .debug_ranges  0x0000000000000000       0x10 /usr/lib/gcc/arm-none-eabi/4.9.3/../../../arm-none-eabi/lib/armv6-m/libc_nano.a(lib_a-atexit.o)
 .debug_ranges  0x0000000000000010       0x10 /usr/lib/gcc/arm-none-eabi/4.9.3/../../../arm-none-eabi/lib/armv6-m/libc_nano.a(lib_a-exit.o)
 .debug_ranges  0x0000000000000020       0x10 /usr/lib/gcc/arm-none-eabi/4.9.3/../../../arm-none-eabi/lib/armv6-m/libc_nano.a(lib_a-fini.o)
 .debug_ranges  0x0000000000000030       0x10 /usr/lib/gcc/arm-none-eabi/4.9.3/../../../arm-none-eabi/lib/armv6-m/libc_nano.a(lib_a-init.o)
 .debug_ranges  0x0000000000000040       0x10 /usr/lib/gcc/arm-none-eabi/4.9.3/../../../arm-none-eabi/lib/armv6-m/libc_nano.a(lib_a-memset.o)
 .debug_ranges  0x0000000000000050       0x10 /usr/lib/gcc/arm-none-eabi/4.9.3/../../../arm-none-eabi/lib/armv6-m/libc_nano.a(lib_a-__atexit.o)
 .debug_ranges  0x0000000000000060       0x10 /usr/lib/gcc/arm-none-eabi/4.9.3/../../../arm-none-eabi/lib/armv6-m/libc_nano.a(lib_a-__call_atexit.o)
 .debug_ranges  0x0000000000000070       0x10 /usr/lib/gcc/arm-none-eabi/4.9.3/../../../arm-none-eabi/lib/armv6-m/libnosys.a(_exit.o)
 .debug_ranges  0x0000000000000080       0x78 _build/system_nrf51.o
 .debug_ranges  0x00000000000000f8       0xb8 _build/main.o
 .debug_ranges  0x00000000000001b0       0x20 _build/app_error.o
 .debug_ranges  0x00000000000001d0       0x10 _build/app_error_weak.o
 .debug_ranges  0x00000000000001e0       0xe8 _build/app_fifo.o
 .debug_ranges  0x00000000000002c8       0x40 _build/app_util_platform.o
 .debug_ranges  0x0000000000000308       0x88 _build/app_uart_fifo.o
 .debug_ranges  0x0000000000000390       0x28 _build/nrf_drv_common.o
 .debug_ranges  0x00000000000003b8      0x4b0 _build/nrf_drv_uart.o
 .debug_ranges  0x0000000000000868      0x298 _build/nrf_drv_rtc.o
 .debug_ranges  0x0000000000000b00      0x438 _build/nrf_drv_clock.o
 .debug_ranges  0x0000000000000f38       0x10 /usr/lib/gcc/arm-none-eabi/4.9.3/../../../arm-none-eabi/lib/armv6-m/libc_nano.a(lib_a-memcpy.o)

.debug_str      0x0000000000000000    0x385e8
 .debug_str     0x0000000000000000      0x181 /usr/lib/gcc/arm-none-eabi/4.9.3/../../../arm-none-eabi/lib/armv6-m/libc_nano.a(lib_a-atexit.o)
                                        0x211 (size before relaxing)
 .debug_str     0x0000000000000181      0x33a /usr/lib/gcc/arm-none-eabi/4.9.3/../../../arm-none-eabi/lib/armv6-m/libc_nano.a(lib_a-exit.o)
                                        0x546 (size before relaxing)
 .debug_str     0x00000000000004bb       0xce /usr/lib/gcc/arm-none-eabi/4.9.3/../../../arm-none-eabi/lib/armv6-m/libc_nano.a(lib_a-fini.o)
                                        0x209 (size before relaxing)
 .debug_str     0x0000000000000589       0xe1 /usr/lib/gcc/arm-none-eabi/4.9.3/../../../arm-none-eabi/lib/armv6-m/libc_nano.a(lib_a-impure.o)
                                        0x57c (size before relaxing)
 .debug_str     0x000000000000066a       0x8a /usr/lib/gcc/arm-none-eabi/4.9.3/../../../arm-none-eabi/lib/armv6-m/libc_nano.a(lib_a-init.o)
                                        0x233 (size before relaxing)
 .debug_str     0x00000000000006f4       0x9f /usr/lib/gcc/arm-none-eabi/4.9.3/../../../arm-none-eabi/lib/armv6-m/libc_nano.a(lib_a-memset.o)
                                        0x1d4 (size before relaxing)
 .debug_str     0x0000000000000793       0xb4 /usr/lib/gcc/arm-none-eabi/4.9.3/../../../arm-none-eabi/lib/armv6-m/libc_nano.a(lib_a-__atexit.o)
                                        0x2b7 (size before relaxing)
 .debug_str     0x0000000000000847       0x56 /usr/lib/gcc/arm-none-eabi/4.9.3/../../../arm-none-eabi/lib/armv6-m/libc_nano.a(lib_a-__call_atexit.o)
                                        0x27d (size before relaxing)
 .debug_str     0x000000000000089d       0xfd /usr/lib/gcc/arm-none-eabi/4.9.3/../../../arm-none-eabi/lib/armv6-m/libnosys.a(_exit.o)
                                        0x103 (size before relaxing)
 .debug_str     0x000000000000099a    0x2ee0b _build/system_nrf51.o
                                      0x2ef8c (size before relaxing)
 .debug_str     0x000000000002f7a5     0x6a17 _build/main.o
                                      0x359e5 (size before relaxing)
 .debug_str     0x00000000000361bc      0x107 _build/app_error.o
                                      0x3372a (size before relaxing)
 .debug_str     0x00000000000362c3       0x86 _build/app_error_weak.o
                                      0x33668 (size before relaxing)
 .debug_str     0x0000000000036349      0x571 _build/app_fifo.o
                                      0x328c1 (size before relaxing)
 .debug_str     0x00000000000368ba       0xd0 _build/app_util_platform.o
                                      0x3384b (size before relaxing)
 .debug_str     0x000000000003698a      0x445 _build/app_uart_fifo.o
                                      0x34e2e (size before relaxing)
 .debug_str     0x0000000000036dcf       0xcd _build/nrf_drv_common.o
                                      0x340d5 (size before relaxing)
 .debug_str     0x0000000000036e9c      0xad2 _build/nrf_drv_uart.o
                                      0x351a9 (size before relaxing)
 .debug_str     0x000000000003796e      0x3e5 _build/nrf_drv_rtc.o
                                      0x34b31 (size before relaxing)
 .debug_str     0x0000000000037d53      0x84c _build/nrf_drv_clock.o
                                      0x34b8b (size before relaxing)
 .debug_str     0x000000000003859f       0x49 /usr/lib/gcc/arm-none-eabi/4.9.3/../../../arm-none-eabi/lib/armv6-m/libc_nano.a(lib_a-memcpy.o)
                                        0x1e8 (size before relaxing)

.debug_frame    0x0000000000000000      0x8b4
 .debug_frame   0x0000000000000000       0x28 /usr/lib/gcc/arm-none-eabi/4.9.3/../../../arm-none-eabi/lib/armv6-m/libc_nano.a(lib_a-atexit.o)
 .debug_frame   0x0000000000000028       0x28 /usr/lib/gcc/arm-none-eabi/4.9.3/../../../arm-none-eabi/lib/armv6-m/libc_nano.a(lib_a-exit.o)
 .debug_frame   0x0000000000000050       0x2c /usr/lib/gcc/arm-none-eabi/4.9.3/../../../arm-none-eabi/lib/armv6-m/libc_nano.a(lib_a-fini.o)
 .debug_frame   0x000000000000007c       0x2c /usr/lib/gcc/arm-none-eabi/4.9.3/../../../arm-none-eabi/lib/armv6-m/libc_nano.a(lib_a-init.o)
 .debug_frame   0x00000000000000a8       0x20 /usr/lib/gcc/arm-none-eabi/4.9.3/../../../arm-none-eabi/lib/armv6-m/libc_nano.a(lib_a-memset.o)
 .debug_frame   0x00000000000000c8       0x34 /usr/lib/gcc/arm-none-eabi/4.9.3/../../../arm-none-eabi/lib/armv6-m/libc_nano.a(lib_a-__atexit.o)
 .debug_frame   0x00000000000000fc       0x30 /usr/lib/gcc/arm-none-eabi/4.9.3/../../../arm-none-eabi/lib/armv6-m/libc_nano.a(lib_a-__call_atexit.o)
 .debug_frame   0x000000000000012c       0x20 /usr/lib/gcc/arm-none-eabi/4.9.3/../../../arm-none-eabi/lib/armv6-m/libnosys.a(_exit.o)
 .debug_frame   0x000000000000014c       0x30 _build/system_nrf51.o
 .debug_frame   0x000000000000017c       0xf0 _build/main.o
 .debug_frame   0x000000000000026c       0x5c _build/app_error.o
 .debug_frame   0x00000000000002c8       0x20 _build/app_error_weak.o
 .debug_frame   0x00000000000002e8       0xbc _build/app_fifo.o
 .debug_frame   0x00000000000003a4       0x50 _build/app_util_platform.o
 .debug_frame   0x00000000000003f4       0xb4 _build/app_uart_fifo.o
 .debug_frame   0x00000000000004a8       0x30 _build/nrf_drv_common.o
 .debug_frame   0x00000000000004d8      0x12c _build/nrf_drv_uart.o
 .debug_frame   0x0000000000000604      0x118 _build/nrf_drv_rtc.o
 .debug_frame   0x000000000000071c      0x150 _build/nrf_drv_clock.o
 .debug_frame   0x000000000000086c       0x20 /usr/lib/gcc/arm-none-eabi/4.9.3/armv6-m/libgcc.a(_udivsi3.o)
 .debug_frame   0x000000000000088c       0x28 /usr/lib/gcc/arm-none-eabi/4.9.3/../../../arm-none-eabi/lib/armv6-m/libc_nano.a(lib_a-memcpy.o)

.debug_macro    0x0000000000000000     0xbec0
 .debug_macro   0x0000000000000000       0xd0 _build/system_nrf51.o
 .debug_macro   0x00000000000000d0      0x83e _build/system_nrf51.o
 .debug_macro   0x000000000000090e       0x22 _build/system_nrf51.o
 .debug_macro   0x0000000000000930       0x44 _build/system_nrf51.o
 .debug_macro   0x0000000000000974       0xe3 _build/system_nrf51.o
 .debug_macro   0x0000000000000a57       0x22 _build/system_nrf51.o
 .debug_macro   0x0000000000000a79      0x1df _build/system_nrf51.o
 .debug_macro   0x0000000000000c58       0x22 _build/system_nrf51.o
 .debug_macro   0x0000000000000c7a       0x1c _build/system_nrf51.o
 .debug_macro   0x0000000000000c96       0x22 _build/system_nrf51.o
 .debug_macro   0x0000000000000cb8       0x3a _build/system_nrf51.o
 .debug_macro   0x0000000000000cf2       0x26 _build/system_nrf51.o
 .debug_macro   0x0000000000000d18      0x30d _build/system_nrf51.o
 .debug_macro   0x0000000000001025      0x1d2 _build/system_nrf51.o
 .debug_macro   0x00000000000011f7     0x745a _build/system_nrf51.o
 .debug_macro   0x0000000000008651      0x976 _build/system_nrf51.o
 .debug_macro   0x0000000000008fc7       0x1c _build/system_nrf51.o
 .debug_macro   0x0000000000008fe3      0x31d _build/main.o
 .debug_macro   0x0000000000009300       0x58 _build/main.o
 .debug_macro   0x0000000000009358       0x35 _build/main.o
 .debug_macro   0x000000000000938d       0x9c _build/main.o
 .debug_macro   0x0000000000009429       0x16 _build/main.o
 .debug_macro   0x000000000000943f       0x97 _build/main.o
 .debug_macro   0x00000000000094d6      0x29d _build/main.o
 .debug_macro   0x0000000000009773       0xef _build/main.o
 .debug_macro   0x0000000000009862       0x10 _build/main.o
 .debug_macro   0x0000000000009872       0x52 _build/main.o
 .debug_macro   0x00000000000098c4       0x16 _build/main.o
 .debug_macro   0x00000000000098da       0x43 _build/main.o
 .debug_macro   0x000000000000991d      0x180 _build/main.o
 .debug_macro   0x0000000000009a9d       0x10 _build/main.o
 .debug_macro   0x0000000000009aad       0x22 _build/main.o
 .debug_macro   0x0000000000009acf       0xbe _build/main.o
 .debug_macro   0x0000000000009b8d       0x16 _build/main.o
 .debug_macro   0x0000000000009ba3      0x197 _build/main.o
 .debug_macro   0x0000000000009d3a       0x28 _build/main.o
 .debug_macro   0x0000000000009d62       0x8e _build/main.o
 .debug_macro   0x0000000000009df0       0x70 _build/main.o
 .debug_macro   0x0000000000009e60      0x11e _build/main.o
 .debug_macro   0x0000000000009f7e       0x52 _build/main.o
 .debug_macro   0x0000000000009fd0       0x6d _build/main.o
 .debug_macro   0x000000000000a03d       0xbb _build/main.o
 .debug_macro   0x000000000000a0f8       0x2b _build/main.o
 .debug_macro   0x000000000000a123       0x5b _build/main.o
 .debug_macro   0x000000000000a17e       0x17 _build/main.o
 .debug_macro   0x000000000000a195      0x1a1 _build/main.o
 .debug_macro   0x000000000000a336      0x150 _build/main.o
 .debug_macro   0x000000000000a486       0x10 _build/main.o
 .debug_macro   0x000000000000a496       0x22 _build/main.o
 .debug_macro   0x000000000000a4b8       0x16 _build/main.o
 .debug_macro   0x000000000000a4ce       0x10 _build/main.o
 .debug_macro   0x000000000000a4de      0x212 _build/app_error.o
 .debug_macro   0x000000000000a6f0       0x34 _build/app_error.o
 .debug_macro   0x000000000000a724       0x67 _build/app_error.o
 .debug_macro   0x000000000000a78b      0x20c _build/app_error_weak.o
 .debug_macro   0x000000000000a997      0x1fc _build/app_fifo.o
 .debug_macro   0x000000000000ab93       0x16 _build/app_fifo.o
 .debug_macro   0x000000000000aba9      0x10e _build/app_fifo.o
 .debug_macro   0x000000000000acb7       0x7f _build/app_fifo.o
 .debug_macro   0x000000000000ad36       0x16 _build/app_fifo.o
 .debug_macro   0x000000000000ad4c       0x29 _build/app_fifo.o
 .debug_macro   0x000000000000ad75       0x16 _build/app_fifo.o
 .debug_macro   0x000000000000ad8b       0x35 _build/app_fifo.o
 .debug_macro   0x000000000000adc0       0x22 _build/app_fifo.o
 .debug_macro   0x000000000000ade2       0x37 _build/app_fifo.o
 .debug_macro   0x000000000000ae19      0x225 _build/app_util_platform.o
 .debug_macro   0x000000000000b03e      0x2eb _build/app_uart_fifo.o
 .debug_macro   0x000000000000b329      0x25b _build/nrf_drv_common.o
 .debug_macro   0x000000000000b584      0x166 _build/nrf_drv_common.o
 .debug_macro   0x000000000000b6ea      0x2a5 _build/nrf_drv_uart.o
 .debug_macro   0x000000000000b98f       0x10 _build/nrf_drv_uart.o
 .debug_macro   0x000000000000b99f      0x27d _build/nrf_drv_rtc.o
 .debug_macro   0x000000000000bc1c      0x2a4 _build/nrf_drv_clock.o
