Archive member included to satisfy reference by file (symbol)

/usr/lib/gcc/arm-none-eabi/4.9.3/../../../arm-none-eabi/lib/armv6-m/libc_nano.a(lib_a-atexit.o)
                              /usr/lib/gcc/arm-none-eabi/4.9.3/../../../arm-none-eabi/lib/armv6-m/crt0.o (atexit)
/usr/lib/gcc/arm-none-eabi/4.9.3/../../../arm-none-eabi/lib/armv6-m/libc_nano.a(lib_a-exit.o)
                              /usr/lib/gcc/arm-none-eabi/4.9.3/../../../arm-none-eabi/lib/armv6-m/crt0.o (exit)
/usr/lib/gcc/arm-none-eabi/4.9.3/../../../arm-none-eabi/lib/armv6-m/libc_nano.a(lib_a-fini.o)
                              /usr/lib/gcc/arm-none-eabi/4.9.3/../../../arm-none-eabi/lib/armv6-m/crt0.o (__libc_fini_array)
/usr/lib/gcc/arm-none-eabi/4.9.3/../../../arm-none-eabi/lib/armv6-m/libc_nano.a(lib_a-impure.o)
                              /usr/lib/gcc/arm-none-eabi/4.9.3/../../../arm-none-eabi/lib/armv6-m/libc_nano.a(lib_a-exit.o) (_global_impure_ptr)
/usr/lib/gcc/arm-none-eabi/4.9.3/../../../arm-none-eabi/lib/armv6-m/libc_nano.a(lib_a-init.o)
                              /usr/lib/gcc/arm-none-eabi/4.9.3/../../../arm-none-eabi/lib/armv6-m/crt0.o (__libc_init_array)
/usr/lib/gcc/arm-none-eabi/4.9.3/../../../arm-none-eabi/lib/armv6-m/libc_nano.a(lib_a-memset.o)
                              /usr/lib/gcc/arm-none-eabi/4.9.3/../../../arm-none-eabi/lib/armv6-m/crt0.o (memset)
/usr/lib/gcc/arm-none-eabi/4.9.3/../../../arm-none-eabi/lib/armv6-m/libc_nano.a(lib_a-__atexit.o)
                              /usr/lib/gcc/arm-none-eabi/4.9.3/../../../arm-none-eabi/lib/armv6-m/libc_nano.a(lib_a-atexit.o) (__register_exitproc)
/usr/lib/gcc/arm-none-eabi/4.9.3/../../../arm-none-eabi/lib/armv6-m/libc_nano.a(lib_a-__call_atexit.o)
                              /usr/lib/gcc/arm-none-eabi/4.9.3/../../../arm-none-eabi/lib/armv6-m/libc_nano.a(lib_a-__atexit.o) (__call_exitprocs)
/usr/lib/gcc/arm-none-eabi/4.9.3/../../../arm-none-eabi/lib/armv6-m/libnosys.a(_exit.o)
                              /usr/lib/gcc/arm-none-eabi/4.9.3/../../../arm-none-eabi/lib/armv6-m/libc_nano.a(lib_a-exit.o) (_exit)
/home/mohammedari/nRF5_SDK_11/components/properitary_rf/gzll/gcc/gzll_gcc.a(nrf_gzll.o)
                              _build/main.o (nrf_gzll_enable)
/home/mohammedari/nRF5_SDK_11/components/properitary_rf/gzll/gcc/gzll_gcc.a(nrf_impala.o)
                              /home/mohammedari/nRF5_SDK_11/components/properitary_rf/gzll/gcc/gzll_gcc.a(nrf_gzll.o) (nrf_impl_disable)
/home/mohammedari/nRF5_SDK_11/components/properitary_rf/gzll/gcc/gzll_gcc.a(nrf_link_core.o)
                              /home/mohammedari/nRF5_SDK_11/components/properitary_rf/gzll/gcc/gzll_gcc.a(nrf_impala.o) (nrf_lcore_start_operation)
/home/mohammedari/nRF5_SDK_11/components/properitary_rf/gzll/gcc/gzll_gcc.a(nrf_notification_manager.o)
                              /home/mohammedari/nRF5_SDK_11/components/properitary_rf/gzll/gcc/gzll_gcc.a(nrf_impala.o) (nrf_nm_init)
/home/mohammedari/nRF5_SDK_11/components/properitary_rf/gzll/gcc/gzll_gcc.a(nrf_packet_manager.o)
                              /home/mohammedari/nRF5_SDK_11/components/properitary_rf/gzll/gcc/gzll_gcc.a(nrf_impala.o) (nrf_pm_init)
/home/mohammedari/nRF5_SDK_11/components/properitary_rf/gzll/gcc/gzll_gcc.a(nrf_state_machine.o)
                              /home/mohammedari/nRF5_SDK_11/components/properitary_rf/gzll/gcc/gzll_gcc.a(nrf_impala.o) (nrf_sm_init)
/home/mohammedari/nRF5_SDK_11/components/properitary_rf/gzll/gcc/gzll_gcc.a(nrf_assert_internal.o)
                              /home/mohammedari/nRF5_SDK_11/components/properitary_rf/gzll/gcc/gzll_gcc.a(nrf_gzll.o) (NRF_ASSERT_INTERNAL_parse_and_forward)
/home/mohammedari/nRF5_SDK_11/components/properitary_rf/gzll/gcc/gzll_gcc.a(nrf_channel_manager.o)
                              /home/mohammedari/nRF5_SDK_11/components/properitary_rf/gzll/gcc/gzll_gcc.a(nrf_impala.o) (nrf_chm_init)
/home/mohammedari/nRF5_SDK_11/components/properitary_rf/gzll/gcc/gzll_gcc.a(nrf_fifo.o)
                              /home/mohammedari/nRF5_SDK_11/components/properitary_rf/gzll/gcc/gzll_gcc.a(nrf_packet_manager.o) (nrf_fifo_init)
/home/mohammedari/nRF5_SDK_11/components/properitary_rf/gzll/gcc/gzll_gcc.a(nrf_flywheel.o)
                              /home/mohammedari/nRF5_SDK_11/components/properitary_rf/gzll/gcc/gzll_gcc.a(nrf_impala.o) (nrf_flw_init)
/usr/lib/gcc/arm-none-eabi/4.9.3/armv6-m/libgcc.a(_thumb1_case_uqi.o)
                              /home/mohammedari/nRF5_SDK_11/components/properitary_rf/gzll/gcc/gzll_gcc.a(nrf_gzll.o) (__gnu_thumb1_case_uqi)
/usr/lib/gcc/arm-none-eabi/4.9.3/armv6-m/libgcc.a(_udivsi3.o)
                              _build/main.o (__aeabi_uidiv)
/usr/lib/gcc/arm-none-eabi/4.9.3/armv6-m/libgcc.a(_dvmd_tls.o)
                              /usr/lib/gcc/arm-none-eabi/4.9.3/armv6-m/libgcc.a(_udivsi3.o) (__aeabi_idiv0)
/usr/lib/gcc/arm-none-eabi/4.9.3/../../../arm-none-eabi/lib/armv6-m/libc_nano.a(lib_a-memcpy.o)
[...]
Memory Configuration

Name             Origin             Length             Attributes
FLASH            0x0000000000000000 0x0000000000040000 xr
RAM              0x0000000020000000 0x0000000000004000 xrw
*default*        0x0000000000000000 0xffffffffffffffff

Linker script and memory map


.text           0x0000000000000000     0x3c98
 *(.isr_vector)
 .isr_vector    0x0000000000000000       0xc0 _build/gcc_startup_nrf51.o
                0x0000000000000000                __isr_vector
 *(.text*)
 .text          0x00000000000000c0       0xb4 /usr/lib/gcc/arm-none-eabi/4.9.3/armv6-m/crtbegin.o
 .text          0x0000000000000174       0x6c /usr/lib/gcc/arm-none-eabi/4.9.3/../../../arm-none-eabi/lib/armv6-m/crt0.o
                0x0000000000000174                _mainCRTStartup
                0x0000000000000174                _start
 .text.atexit   0x00000000000001e0       0x10 /usr/lib/gcc/arm-none-eabi/4.9.3/../../../arm-none-eabi/lib/armv6-m/libc_nano.a(lib_a-atexit.o)
                0x00000000000001e0                atexit
 .text.exit     0x00000000000001f0       0x2c /usr/lib/gcc/arm-none-eabi/4.9.3/../../../arm-none-eabi/lib/armv6-m/libc_nano.a(lib_a-exit.o)
                0x00000000000001f0                exit
 .text.__libc_fini_array
                0x000000000000021c       0x28 /usr/lib/gcc/arm-none-eabi/4.9.3/../../../arm-none-eabi/lib/armv6-m/libc_nano.a(lib_a-fini.o)
                0x000000000000021c                __libc_fini_array
 .text.__libc_init_array
                0x0000000000000244       0x4c /usr/lib/gcc/arm-none-eabi/4.9.3/../../../arm-none-eabi/lib/armv6-m/libc_nano.a(lib_a-init.o)
                0x0000000000000244                __libc_init_array
 .text.memset   0x0000000000000290       0x10 /usr/lib/gcc/arm-none-eabi/4.9.3/../../../arm-none-eabi/lib/armv6-m/libc_nano.a(lib_a-memset.o)
                0x0000000000000290                memset
 .text.__register_exitproc
                0x00000000000002a0       0xb8 /usr/lib/gcc/arm-none-eabi/4.9.3/../../../arm-none-eabi/lib/armv6-m/libc_nano.a(lib_a-__atexit.o)
                0x00000000000002a0                __register_exitproc
 .text.__call_exitprocs
                0x0000000000000358       0xe8 /usr/lib/gcc/arm-none-eabi/4.9.3/../../../arm-none-eabi/lib/armv6-m/libc_nano.a(lib_a-__call_atexit.o)
                0x0000000000000358                __call_exitprocs
 .text._exit    0x0000000000000440        0x4 /usr/lib/gcc/arm-none-eabi/4.9.3/../../../arm-none-eabi/lib/armv6-m/libnosys.a(_exit.o)
                0x0000000000000440                _exit
 .text.SystemInit
                0x0000000000000444       0xec _build/system_nrf51.o
                0x0000000000000444                SystemInit
 .text.handler_debounce
                0x0000000000000530      0x194 _build/main.o
 .text.startup.main
                0x00000000000006c4      0x164 _build/main.o
                0x00000000000006c4                main
 .text.GPIOTE_IRQHandler
                0x0000000000000828       0x20 _build/main.o
                0x0000000000000828                GPIOTE_IRQHandler
 .text.nrf_gzll_device_tx_success
                0x0000000000000848       0x38 _build/main.o
                0x0000000000000848                nrf_gzll_device_tx_success
 .text.nrf_gzll_device_tx_failed
                0x0000000000000880        0x8 _build/main.o
                0x0000000000000880                nrf_gzll_device_tx_failed
 .text.nrf_gzll_host_rx_data_ready
                0x0000000000000888        0x8 _build/main.o
                0x0000000000000888                nrf_gzll_host_rx_data_ready
 .text.nrf_gzll_disabled
                0x0000000000000890        0x4 _build/main.o
                0x0000000000000890                nrf_gzll_disabled
 .text.debounce
                0x0000000000000894       0x48 _build/debounce.o
                0x0000000000000894                debounce
 .text.nrf_drv_clock_init
                0x00000000000008dc       0x40 _build/nrf_drv_clock.o
                0x00000000000008dc                nrf_drv_clock_init
 .text.nrf_drv_clock_lfclk_request
                0x000000000000091c       0x60 _build/nrf_drv_clock.o
                0x000000000000091c                nrf_drv_clock_lfclk_request
 .text.POWER_CLOCK_IRQHandler
                0x000000000000097c      0x14c _build/nrf_drv_clock.o
                0x000000000000097c                POWER_CLOCK_IRQHandler
 .text.app_util_critical_region_enter
                0x0000000000000ac8       0x10 _build/app_util_platform.o
                0x0000000000000ac8                app_util_critical_region_enter
 .text.app_util_critical_region_exit
                0x0000000000000ad8       0x14 _build/app_util_platform.o
                0x0000000000000ad8                app_util_critical_region_exit
 .text.nrf_drv_common_irq_enable
                0x0000000000000aec       0x80 _build/nrf_drv_common.o
                0x0000000000000aec                nrf_drv_common_irq_enable
 .text.nrf_drv_rtc_init
                0x0000000000000b6c       0x6c _build/nrf_drv_rtc.o
                0x0000000000000b6c                nrf_drv_rtc_init
 .text.nrf_drv_rtc_enable
                0x0000000000000bd8       0x18 _build/nrf_drv_rtc.o
                0x0000000000000bd8                nrf_drv_rtc_enable
 .text.nrf_drv_rtc_disable
                0x0000000000000bf0       0x18 _build/nrf_drv_rtc.o
                0x0000000000000bf0                nrf_drv_rtc_disable
 .text.nrf_drv_rtc_tick_enable
                0x0000000000000c08       0x24 _build/nrf_drv_rtc.o
                0x0000000000000c08                nrf_drv_rtc_tick_enable
 .text.RTC0_IRQHandler
                0x0000000000000c2c      0x124 _build/nrf_drv_rtc.o
                0x0000000000000c2c                RTC0_IRQHandler
 .text          0x0000000000000d50       0x4c _build/gcc_startup_nrf51.o
                0x0000000000000d50                Reset_Handler
                0x0000000000000d90                NMI_Handler
                0x0000000000000d92                HardFault_Handler
                0x0000000000000d94                SVC_Handler
                0x0000000000000d96                PendSV_Handler
                0x0000000000000d98                SysTick_Handler
                0x0000000000000d9a                SPI0_TWI0_IRQHandler
                0x0000000000000d9a                LPCOMP_IRQHandler
                0x0000000000000d9a                SWI4_IRQHandler
                0x0000000000000d9a                TEMP_IRQHandler
                0x0000000000000d9a                QDEC_IRQHandler
                0x0000000000000d9a                UART0_IRQHandler
                0x0000000000000d9a                SWI5_IRQHandler
                0x0000000000000d9a                TIMER0_IRQHandler
                0x0000000000000d9a                TIMER1_IRQHandler
                0x0000000000000d9a                ECB_IRQHandler
                0x0000000000000d9a                Default_Handler
                0x0000000000000d9a                ADC_IRQHandler
                0x0000000000000d9a                SWI3_IRQHandler
                0x0000000000000d9a                CCM_AAR_IRQHandler
                0x0000000000000d9a                WDT_IRQHandler
                0x0000000000000d9a                SWI2_IRQHandler
                0x0000000000000d9a                RNG_IRQHandler
                0x0000000000000d9a                SPI1_TWI1_IRQHandler
                0x0000000000000d9a                RTC1_IRQHandler
                0x0000000000000d9a                SWI1_IRQHandler
 .text          0x0000000000000d9c      0x864 /home/mohammedari/nRF5_SDK_11/components/properitary_rf/gzll/gcc/gzll_gcc.a(nrf_gzll.o)
                0x0000000000000d9c                nrf_gzll_enable
                0x0000000000000dc0                nrf_gzll_is_enabled
                0x0000000000000dcc                nrf_gzll_disable
                0x0000000000000de2                nrf_gzll_add_packet_to_tx_fifo
                0x0000000000000e68                nrf_gzll_fetch_packet_from_rx_fifo
                0x0000000000000ed8                nrf_gzll_get_tx_fifo_packet_count
                0x0000000000000ef4                nrf_gzll_get_rx_fifo_packet_count
                0x0000000000000f10                nrf_gzll_get_total_allocated_packet_count
                0x0000000000000f1c                nrf_gzll_ok_to_add_packet_to_tx_fifo
                0x0000000000000f58                nrf_gzll_flush_tx_fifo
                0x0000000000000f8c                nrf_gzll_flush_rx_fifo
                0x0000000000000fac                nrf_gzll_set_mode
                0x0000000000000fdc                nrf_gzll_get_mode
                0x0000000000001008                nrf_gzll_set_channel_table
                0x0000000000001064                nrf_gzll_get_channel_table
                0x00000000000010a0                nrf_gzll_get_channel_table_size
                0x00000000000010ac                nrf_gzll_set_base_address_0
                0x00000000000010d4                nrf_gzll_get_base_address_0
                0x00000000000010dc                nrf_gzll_set_base_address_1
                0x0000000000001104                nrf_gzll_get_base_address_1
                0x000000000000110c                nrf_gzll_set_address_prefix_byte
                0x0000000000001140                nrf_gzll_get_address_prefix_byte
                0x0000000000001168                nrf_gzll_set_rx_pipes_enabled
                0x0000000000001190                nrf_gzll_get_rx_pipes_enabled
                0x0000000000001198                nrf_gzll_set_datarate
                0x00000000000011dc                nrf_gzll_get_datarate
                0x00000000000011f4                nrf_gzll_set_tx_power
                0x000000000000124c                nrf_gzll_get_tx_power
                0x000000000000128a                nrf_gzll_set_timeslot_period
                0x00000000000012b0                nrf_gzll_get_timeslot_period
                0x00000000000012b8                nrf_gzll_set_sync_lifetime
                0x00000000000012e0                nrf_gzll_get_sync_lifetime
                0x00000000000012e8                nrf_gzll_set_timeslots_per_channel_when_device_out_of_sync
                0x0000000000001310                nrf_gzll_get_timeslots_per_channel_when_device_out_of_sync
                0x0000000000001318                nrf_gzll_set_timeslots_per_channel
                0x0000000000001340                nrf_gzll_get_timeslots_per_channel
                0x0000000000001348                nrf_gzll_set_max_tx_attempts
                0x0000000000001370                nrf_gzll_get_max_tx_attempts
                0x0000000000001378                nrf_gzll_set_device_channel_selection_policy
                0x00000000000013b0                nrf_gzll_get_device_channel_selection_policy
                0x00000000000013be                nrf_gzll_set_xosc_ctl
                0x00000000000013f4                nrf_gzll_init
                0x0000000000001480                nrf_gzll_get_xosc_ctl
                0x000000000000148e                nrf_gzll_clear_tick_count
                0x000000000000149c                nrf_gzll_get_tick_count
                0x00000000000014a8                nrf_gzll_set_auto_disable
                0x00000000000014c0                nrf_gzll_get_error_code
                0x00000000000014cc                nrf_gzll_reset_error_code
                0x00000000000014d8                nrf_gzll_get_internal_debug_code
                0x00000000000014e4                nrf_gzll_reset_internal_debug_code
                0x00000000000014f0                nrf_gzll_mode_changed
                0x00000000000014f2                notification_cb
                0x00000000000015ec                nrf_assert_internal_callback
 .text          0x0000000000001600     0x119c /home/mohammedari/nRF5_SDK_11/components/properitary_rf/gzll/gcc/gzll_gcc.a(nrf_impala.o)
                0x00000000000019c8                nrf_gpio_debug_pin_write
                0x00000000000019ca                nrf_impl_disable
                0x00000000000019f4                nrf_impl_is_disabled
                0x0000000000001a04                nrf_impl_get_mode
                0x0000000000001a10                nrf_impl_reserve_packet
                0x0000000000001a24                nrf_impl_free_packet
                0x0000000000001a38                nrf_impl_put_tx_fifo
                0x0000000000001a70                nrf_impl_pop_rx_fifo
                0x0000000000001a84                nrf_impl_read_rx_fifo
                0x0000000000001a8c                nrf_impl_read_tx_fifo
                0x0000000000001aa0                nrf_impl_get_tx_fifo_status
                0x0000000000001aa8                nrf_impl_get_rx_fifo_status
                0x0000000000001ab0                nrf_impl_get_available_fifo_packets
                0x0000000000001ab8                nrf_impl_flush_tx_fifo
                0x0000000000001aec                nrf_impl_flush_rx_fifo
                0x0000000000001b00                nrf_impl_set_pipe_0_base_address
                0x0000000000001b20                nrf_impl_get_pipe_0_base_address
                0x0000000000001b2c                nrf_impl_set_pipes_1_to_7_base_address
                0x0000000000001b48                nrf_impl_get_pipes_1_to_7_base_address
                0x0000000000001b54                nrf_impl_set_prefix_byte
                0x0000000000001bac                nrf_impl_get_prefix_byte
                0x0000000000001bcc                nrf_impl_set_channel_table
                0x0000000000001c00                nrf_impl_set_sync_lifetime
                0x0000000000001c0c                nrf_impl_get_sync_lifetime
                0x0000000000001c18                nrf_impl_set_base_address_length
                0x0000000000001c40                nrf_impl_get_base_address_length
                0x0000000000001c4c                nrf_impl_set_rx_pipes_enabled
                0x0000000000001c58                nrf_impl_get_rx_pipes_enabled
                0x0000000000001c64                nrf_impl_set_timeslot_period
                0x0000000000001c70                nrf_impl_get_timeslot_period
                0x0000000000001c7c                nrf_impl_set_timeslots_per_channel_when_in_sync
                0x0000000000001c8c                nrf_impl_get_timeslots_per_channel_when_in_sync
                0x0000000000001c98                nrf_impl_set_timeslots_per_channel_when_out_of_sync
                0x0000000000001ca8                nrf_impl_get_timeslots_per_channel_when_out_of_sync
                0x0000000000001cb4                nrf_impl_set_max_allowed_tx_attempts
                0x0000000000001cc0                nrf_impl_get_max_allowed_tx_attempts
                0x0000000000001ccc                nrf_impl_set_tx_power
                0x0000000000001ce8                nrf_impl_get_tx_power
                0x0000000000001cf4                nrf_impl_set_crc_length
                0x0000000000001d7c                nrf_impl_get_crc_length
                0x0000000000001d88                nrf_impl_set_datarate
                0x0000000000002014                nrf_impl_set_mode
                0x0000000000002044                nrf_impl_enable
                0x00000000000020a4                nrf_impl_init
                0x0000000000002228                nrf_impl_get_datarate
                0x0000000000002234                nrf_impl_enable_rssi
                0x0000000000002258                nrf_impl_set_channel_selection_policy
                0x0000000000002264                nrf_impl_get_channel_selection_policy
                0x0000000000002270                nrf_impl_set_idle_activity_config
                0x000000000000227c                nrf_impl_get_idle_activity_config
                0x0000000000002288                nrf_impl_set_xosc_ctl
                0x0000000000002294                nrf_impl_get_xosc_ctl
                0x00000000000022a0                nrf_impl_set_dyn_ack_enable
                0x00000000000022a8                nrf_impl_state_fun_device_send_packet
                0x00000000000022ec                async_state_rx_active
                0x0000000000002320                async_state_rx_enabling
                0x00000000000023a8                async_state_tx_ack_complete
                0x00000000000023bc                async_state_packet_received
                0x000000000000255c                nrf_impl_state_fun_timeslot_start
 .text          0x000000000000279c      0x600 /home/mohammedari/nRF5_SDK_11/components/properitary_rf/gzll/gcc/gzll_gcc.a(nrf_link_core.o)
                0x0000000000002970                nrf_lcore_start_operation
                0x0000000000002a18                nrf_lcore_rx_address_match
                0x0000000000002a28                nrf_lcore_force_disable
                0x0000000000002a98                nrf_lcore_init
                0x0000000000002af0                RADIO_IRQHandler
                0x0000000000002c98                TESTONLY_current_state_is_legal
                0x0000000000002cbc                nrf_lcore_prepare_operation
                0x0000000000002d98                print_lc_debug_info
 .text          0x0000000000002d9c      0x108 /home/mohammedari/nRF5_SDK_11/components/properitary_rf/gzll/gcc/gzll_gcc.a(nrf_notification_manager.o)
                0x0000000000002d9c                nrf_nm_init
                0x0000000000002dd0                nrf_nm_add
                0x0000000000002e34                nrf_nm_get_remaining_space_in_notification_queue
                0x0000000000002e48                SWI0_IRQHandler
 .text          0x0000000000002ea4      0x4d4 /home/mohammedari/nRF5_SDK_11/components/properitary_rf/gzll/gcc/gzll_gcc.a(nrf_packet_manager.o)
                0x0000000000002ed8                nrf_pm_init
                0x0000000000002f34                nrf_pm_get_ack_payload_pending
                0x0000000000002f40                nrf_pm_there_is_ptx_packet_to_be_serviced
                0x0000000000002f4c                nrf_pm_get_current_ptx_pipe
                0x0000000000002f58                nrf_pm_get_current_ptx_packet
                0x0000000000002f64                nrf_pm_get_current_ptx_ack_ptr
                0x0000000000002f70                nrf_pm_start_prx
                0x0000000000002fbc                nrf_pm_search_for_ptx_pipe_to_service
                0x000000000000303c                nrf_pm_end_prx
                0x0000000000003174                nrf_pm_end_ptx
                0x000000000000320c                nrf_pm_get_state
                0x0000000000003218                nrf_pm_put_tx_fifo
                0x000000000000323e                nrf_pm_read_tx_fifo
                0x0000000000003246                nrf_pm_flush_tx_fifo
                0x0000000000003256                nrf_pm_get_tx_fifo_status
                0x000000000000325e                nrf_pm_read_rx_fifo
                0x0000000000003268                nrf_pm_pop_rx_fifo
                0x0000000000003272                nrf_pm_flush_rx_fifo
                0x000000000000327c                nrf_pm_get_rx_fifo_status
                0x0000000000003286                nrf_pm_start_ptx
                0x0000000000003344                nrf_pm_reserve_packet
                0x000000000000334c                nrf_pm_free_packet
                0x0000000000003354                nrf_pm_get_available_fifo_packets
                0x000000000000335c                nrf_pm_set_dyn_ack_status
                0x0000000000003368                nrf_pm_get_dyn_ack_status
                0x0000000000003374                pm_tx_pipe_to_nrf_fifo_pipe
 .text          0x0000000000003378       0x70 /home/mohammedari/nRF5_SDK_11/components/properitary_rf/gzll/gcc/gzll_gcc.a(nrf_state_machine.o)
                0x0000000000003378                nrf_sm_init
                0x0000000000003388                nrf_sm_set_next_state
                0x00000000000033a4                nrf_sm_get_current_state
                0x00000000000033b0                nrf_sm_get_prev_state
                0x00000000000033bc                nrf_sm_get_next_state
                0x00000000000033c8                nrf_sm_execute
 .text          0x00000000000033e8        0x8 /home/mohammedari/nRF5_SDK_11/components/properitary_rf/gzll/gcc/gzll_gcc.a(nrf_assert_internal.o)
                0x00000000000033e8                NRF_ASSERT_INTERNAL_parse_and_forward
 .text          0x00000000000033f0      0x20c /home/mohammedari/nRF5_SDK_11/components/properitary_rf/gzll/gcc/gzll_gcc.a(nrf_channel_manager.o)
                0x00000000000033f0                nrf_chm_init
                0x0000000000003410                nrf_chm_execute_single_tick
                0x000000000000343c                nrf_chm_execute_ticks
                0x00000000000034a0                nrf_chm_ticks_until_channel_switch
                0x00000000000034b0                nrf_chm_ticks_until_desired_channel
                0x00000000000034f0                nrf_chm_ticks_until_current_timeslot_in_range
                0x0000000000003534                nrf_chm_ticks_until_current_timeslot_in_range_on_desired_channel
                0x0000000000003574                nrf_chm_get_current_channel
                0x000000000000359c                nrf_chm_set_current_channel_index
                0x00000000000035c0                nrf_chm_get_current_channel_index
                0x00000000000035cc                nrf_chm_set_current_timeslot
                0x00000000000035f0                nrf_chm_get_current_timeslot
 .text          0x00000000000035fc      0x294 /home/mohammedari/nRF5_SDK_11/components/properitary_rf/gzll/gcc/gzll_gcc.a(nrf_fifo.o)
                0x000000000000364c                nrf_fifo_init
                0x00000000000036a0                nrf_fifo_reserve_packet
                0x00000000000036dc                nrf_fifo_free_packet
                0x0000000000003738                nrf_fifo_put_packet
                0x00000000000037a4                nrf_fifo_pop_packet
                0x00000000000037f4                nrf_fifo_read_packet
                0x0000000000003828                nrf_fifo_get_packet_count
                0x0000000000003848                nrf_fifo_get_available_packet_count
                0x0000000000003854                nrf_fifo_flush
 .text          0x0000000000003890      0x258 /home/mohammedari/nRF5_SDK_11/components/properitary_rf/gzll/gcc/gzll_gcc.a(nrf_flywheel.o)
                0x0000000000003890                nrf_flw_init
                0x0000000000003908                nrf_flw_start
                0x0000000000003920                nrf_flw_stop
                0x0000000000003958                nrf_flw_get_runstate
                0x0000000000003964                nrf_flw_task_is_delayed
                0x0000000000003970                NRF_flw_prepare_call
                0x0000000000003a6c                nrf_flw_get_ext_capture_task
                0x0000000000003a74                nrf_flw_get_flw_call_event
                0x0000000000003a7c                TIMER2_IRQHandler
 .text          0x0000000000003ae8       0x14 /usr/lib/gcc/arm-none-eabi/4.9.3/armv6-m/libgcc.a(_thumb1_case_uqi.o)
                0x0000000000003ae8                __gnu_thumb1_case_uqi
 .text          0x0000000000003afc      0x120 /usr/lib/gcc/arm-none-eabi/4.9.3/armv6-m/libgcc.a(_udivsi3.o)
                0x0000000000003afc                __udivsi3
                0x0000000000003afc                __aeabi_uidiv
                0x0000000000003c08                __aeabi_uidivmod
 .text          0x0000000000003c1c        0x4 /usr/lib/gcc/arm-none-eabi/4.9.3/armv6-m/libgcc.a(_dvmd_tls.o)
                0x0000000000003c1c                __aeabi_ldiv0
                0x0000000000003c1c                __aeabi_idiv0
 .text.memcpy   0x0000000000003c20       0x12 /usr/lib/gcc/arm-none-eabi/4.9.3/../../../arm-none-eabi/lib/armv6-m/libc_nano.a(lib_a-memcpy.o)
                0x0000000000003c20                memcpy
 *(.init)
 *fill*         0x0000000000003c32        0x2 
 .init          0x0000000000003c34        0x4 /usr/lib/gcc/arm-none-eabi/4.9.3/armv6-m/crti.o
                0x0000000000003c34                _init
 .init          0x0000000000003c38        0x8 /usr/lib/gcc/arm-none-eabi/4.9.3/armv6-m/crtn.o
 *(.fini)
 .fini          0x0000000000003c40        0x4 /usr/lib/gcc/arm-none-eabi/4.9.3/armv6-m/crti.o
                0x0000000000003c40                _fini
 .fini          0x0000000000003c44        0x8 /usr/lib/gcc/arm-none-eabi/4.9.3/armv6-m/crtn.o
 *crtbegin.o(.ctors)
 *crtbegin?.o(.ctors)
 *(EXCLUDE_FILE(*crtend.o *crtend?.o) .ctors)
 *(SORT(.ctors.*))
 *(.ctors)
 *crtbegin.o(.dtors)
 *crtbegin?.o(.dtors)
 *(EXCLUDE_FILE(*crtend.o *crtend?.o) .dtors)
 *(SORT(.dtors.*))
 *(.dtors)
 *(.rodata*)
 .rodata.str1.1
                0x0000000000003c4c        0x2 /usr/lib/gcc/arm-none-eabi/4.9.3/../../../arm-none-eabi/lib/armv6-m/libc_nano.a(lib_a-impure.o)
 *fill*         0x0000000000003c4e        0x2 
 .rodata._global_impure_ptr
                0x0000000000003c50        0x4 /usr/lib/gcc/arm-none-eabi/4.9.3/../../../arm-none-eabi/lib/armv6-m/libc_nano.a(lib_a-impure.o)
                0x0000000000003c50                _global_impure_ptr
 .rodata.rtc_debounce
                0x0000000000003c54        0x8 _build/main.o
                0x0000000000003c54                rtc_debounce
 .rodata.m_default_config
                0x0000000000003c5c        0x6 _build/nrf_drv_rtc.o
 .rodata        0x0000000000003c62        0x2 /home/mohammedari/nRF5_SDK_11/components/properitary_rf/gzll/gcc/gzll_gcc.a(nrf_gzll.o)
 .rodata        0x0000000000003c64       0x30 /home/mohammedari/nRF5_SDK_11/components/properitary_rf/gzll/gcc/gzll_gcc.a(nrf_link_core.o)
 *(.eh_frame*)
 .eh_frame      0x0000000000003c94        0x0 /usr/lib/gcc/arm-none-eabi/4.9.3/armv6-m/crtbegin.o
 .eh_frame      0x0000000000003c94        0x4 /usr/lib/gcc/arm-none-eabi/4.9.3/armv6-m/crtend.o

.glue_7         0x0000000000003c98        0x0
 .glue_7        0x0000000000003c98        0x0 linker stubs

.glue_7t        0x0000000000003c98        0x0
 .glue_7t       0x0000000000003c98        0x0 linker stubs

.vfp11_veneer   0x0000000000003c98        0x0
 .vfp11_veneer  0x0000000000003c98        0x0 linker stubs

.v4_bx          0x0000000000003c98        0x0
 .v4_bx         0x0000000000003c98        0x0 linker stubs

.iplt           0x0000000000003c98        0x0
 .iplt          0x0000000000003c98        0x0 /usr/lib/gcc/arm-none-eabi/4.9.3/armv6-m/crtbegin.o

.ARM.extab
 *(.ARM.extab* .gnu.linkonce.armextab.*)
                0x0000000000003c98                __exidx_start = .

.ARM.exidx      0x0000000000003c98        0x8
 *(.ARM.exidx* .gnu.linkonce.armexidx.*)
 .ARM.exidx     0x0000000000003c98        0x8 /usr/lib/gcc/arm-none-eabi/4.9.3/../../../arm-none-eabi/lib/armv6-m/crt0.o
                0x0000000000003ca0                __exidx_end = .
                0x0000000000003ca0                __etext = .

.rel.dyn        0x0000000000003ca0        0x0
 .rel.iplt      0x0000000000003ca0        0x0 /usr/lib/gcc/arm-none-eabi/4.9.3/armv6-m/crtbegin.o

.data           0x0000000020000000       0x88 load address 0x0000000000003ca0
                0x0000000020000000                __data_start__ = .
 *(vtable)
 *(.data*)
 .data.impure_data
                0x0000000020000000       0x60 /usr/lib/gcc/arm-none-eabi/4.9.3/../../../arm-none-eabi/lib/armv6-m/libc_nano.a(lib_a-impure.o)
 .data          0x0000000020000060       0x14 /home/mohammedari/nRF5_SDK_11/components/properitary_rf/gzll/gcc/gzll_gcc.a(nrf_gzll.o)
 .data          0x0000000020000074        0x8 /home/mohammedari/nRF5_SDK_11/components/properitary_rf/gzll/gcc/gzll_gcc.a(nrf_state_machine.o)
                0x0000000020000074                state_functions
                0x000000002000007c                . = ALIGN (0x4)
                0x000000002000007c                PROVIDE (__preinit_array_start, .)
 *(.preinit_array)
                0x000000002000007c                PROVIDE (__preinit_array_end, .)
                0x000000002000007c                . = ALIGN (0x4)
                0x000000002000007c                PROVIDE (__init_array_start, .)
 *(SORT(.init_array.*))
 *(.init_array)
 .init_array    0x000000002000007c        0x4 /usr/lib/gcc/arm-none-eabi/4.9.3/armv6-m/crtbegin.o
                0x0000000020000080                PROVIDE (__init_array_end, .)
                0x0000000020000080                . = ALIGN (0x4)
                0x0000000020000080                PROVIDE (__fini_array_start, .)
 *(SORT(.fini_array.*))
 *(.fini_array)
 .fini_array    0x0000000020000080        0x4 /usr/lib/gcc/arm-none-eabi/4.9.3/armv6-m/crtbegin.o
                0x0000000020000084                PROVIDE (__fini_array_end, .)
 *(.jcr*)
 .jcr           0x0000000020000084        0x0 /usr/lib/gcc/arm-none-eabi/4.9.3/armv6-m/crtbegin.o
 .jcr           0x0000000020000084        0x4 /usr/lib/gcc/arm-none-eabi/4.9.3/armv6-m/crtend.o
                0x0000000020000088                . = ALIGN (0x4)
                0x0000000020000088                __data_end__ = .
LOAD /usr/lib/gcc/arm-none-eabi/4.9.3/armv6-m/crti.o
LOAD /usr/lib/gcc/arm-none-eabi/4.9.3/armv6-m/crtbegin.o
LOAD /usr/lib/gcc/arm-none-eabi/4.9.3/../../../arm-none-eabi/lib/armv6-m/crt0.o
LOAD /usr/lib/gcc/arm-none-eabi/4.9.3/../../../arm-none-eabi/lib/armv6-m/libc_nano.a
LOAD /usr/lib/gcc/arm-none-eabi/4.9.3/../../../arm-none-eabi/lib/armv6-m/libnosys.a
LOAD _build/system_nrf51.o
LOAD _build/main.o
LOAD _build/debounce.o
LOAD _build/nrf_delay.o
LOAD _build/nrf_drv_clock.o
LOAD _build/app_util_platform.o
LOAD _build/nrf_drv_common.o
LOAD _build/nrf_drv_rtc.o
LOAD _build/gcc_startup_nrf51.o
LOAD /home/mohammedari/nRF5_SDK_11/components/properitary_rf/gzll/gcc/gzll_gcc.a
LOAD /usr/lib/gcc/arm-none-eabi/4.9.3/../../../arm-none-eabi/lib/armv6-m/libm.a
START GROUP
LOAD /usr/lib/gcc/arm-none-eabi/4.9.3/armv6-m/libgcc.a
LOAD /usr/lib/gcc/arm-none-eabi/4.9.3/../../../arm-none-eabi/lib/armv6-m/libc_nano.a
END GROUP
START GROUP
LOAD /usr/lib/gcc/arm-none-eabi/4.9.3/armv6-m/libgcc.a
LOAD /usr/lib/gcc/arm-none-eabi/4.9.3/../../../arm-none-eabi/lib/armv6-m/libc_nano.a
END GROUP
LOAD /usr/lib/gcc/arm-none-eabi/4.9.3/armv6-m/crtend.o
LOAD /usr/lib/gcc/arm-none-eabi/4.9.3/armv6-m/crtn.o
START GROUP
LOAD /usr/lib/gcc/arm-none-eabi/4.9.3/armv6-m/libgcc.a
LOAD /usr/lib/gcc/arm-none-eabi/4.9.3/../../../arm-none-eabi/lib/armv6-m/libc.a
LOAD /usr/lib/gcc/arm-none-eabi/4.9.3/../../../arm-none-eabi/lib/armv6-m/libnosys.a
END GROUP

.tm_clone_table
                0x0000000020000088        0x0 load address 0x0000000000003d28
 .tm_clone_table
                0x0000000020000088        0x0 /usr/lib/gcc/arm-none-eabi/4.9.3/armv6-m/crtbegin.o
 .tm_clone_table
                0x0000000020000088        0x0 /usr/lib/gcc/arm-none-eabi/4.9.3/armv6-m/crtend.o

.igot.plt       0x0000000020000088        0x0 load address 0x0000000000003d28
 .igot.plt      0x0000000020000088        0x0 /usr/lib/gcc/arm-none-eabi/4.9.3/armv6-m/crtbegin.o

.fs_data        0x0000000020000088        0x0
                [!provide]                        PROVIDE (__start_fs_data, .)
 *(.fs_data)
                [!provide]                        PROVIDE (__stop_fs_data, .)

.bss            0x0000000020000088      0x504 load address 0x0000000000003d28
                0x0000000020000088                . = ALIGN (0x4)
                0x0000000020000088                __bss_start__ = .
 *(.bss*)
 .bss           0x0000000020000088       0x1c /usr/lib/gcc/arm-none-eabi/4.9.3/armv6-m/crtbegin.o
 .bss._global_atexit0
                0x00000000200000a4       0x8c /usr/lib/gcc/arm-none-eabi/4.9.3/../../../arm-none-eabi/lib/armv6-m/libc_nano.a(lib_a-__atexit.o)
 .bss._global_atexit
                0x0000000020000130        0x4 /usr/lib/gcc/arm-none-eabi/4.9.3/../../../arm-none-eabi/lib/armv6-m/libc_nano.a(lib_a-__call_atexit.o)
                0x0000000020000130                _global_atexit
 .bss.timestamp
                0x0000000020000134        0x4 _build/main.o
                0x0000000020000134                timestamp
 .bss.sleep     0x0000000020000138        0x1 _build/main.o
                0x0000000020000138                sleep
 *fill*         0x0000000020000139        0x3 
 .bss.ack_payload
                0x000000002000013c       0x20 _build/main.o
 .bss.data_payload
                0x000000002000015c        0x4 _build/main.o
 .bss.ticks     0x0000000020000160        0x4 _build/main.o
                0x0000000020000160                ticks
 .bss.remote_state
                0x0000000020000164        0x4 _build/main.o
                0x0000000020000164                remote_state
 .bss.remote_timestamp
                0x0000000020000168        0x4 _build/main.o
                0x0000000020000168                remote_timestamp
 .bss.head.3678
                0x000000002000016c        0x4 _build/debounce.o
 .bss.buffer.3677
                0x0000000020000170       0x14 _build/debounce.o
 .bss.m_clock_cb
                0x0000000020000184       0x24 _build/nrf_drv_clock.o
 .bss.m_in_critical_region
                0x00000000200001a8        0x4 _build/app_util_platform.o
 .bss.m_handlers
                0x00000000200001ac        0x4 _build/nrf_drv_rtc.o
 .bss.m_cb      0x00000000200001b0        0x3 _build/nrf_drv_rtc.o
 *fill*         0x00000000200001b3        0x1 
 .bss           0x00000000200001b4       0x18 /home/mohammedari/nRF5_SDK_11/components/properitary_rf/gzll/gcc/gzll_gcc.a(nrf_gzll.o)
                0x00000000200001c8                assert_count
 .bss           0x00000000200001cc       0x10 /home/mohammedari/nRF5_SDK_11/components/properitary_rf/gzll/gcc/gzll_gcc.a(nrf_impala.o)
 .bss           0x00000000200001dc        0x4 /home/mohammedari/nRF5_SDK_11/components/properitary_rf/gzll/gcc/gzll_gcc.a(nrf_link_core.o)
 .bss           0x00000000200001e0        0xc /home/mohammedari/nRF5_SDK_11/components/properitary_rf/gzll/gcc/gzll_gcc.a(nrf_channel_manager.o)
 .bss           0x00000000200001ec        0x8 /home/mohammedari/nRF5_SDK_11/components/properitary_rf/gzll/gcc/gzll_gcc.a(nrf_flywheel.o)
 *(COMMON)
 COMMON         0x00000000200001f4        0x1 /home/mohammedari/nRF5_SDK_11/components/properitary_rf/gzll/gcc/gzll_gcc.a(nrf_gzll.o)
                0x00000000200001f4                nrf_gzll_error_code
 *fill*         0x00000000200001f5        0x3 
 COMMON         0x00000000200001f8       0x6c /home/mohammedari/nRF5_SDK_11/components/properitary_rf/gzll/gcc/gzll_gcc.a(nrf_impala.o)
                0x00000000200001f8                nrf_impl_status
                0x0000000020000214                lcore_config
                0x000000002000022c                impl_async_state
                0x0000000020000230                impl_internal_params
 COMMON         0x0000000020000264       0x24 /home/mohammedari/nRF5_SDK_11/components/properitary_rf/gzll/gcc/gzll_gcc.a(nrf_link_core.o)
                0x0000000020000264                nrf_lcore_status
 COMMON         0x0000000020000288       0x88 /home/mohammedari/nRF5_SDK_11/components/properitary_rf/gzll/gcc/gzll_gcc.a(nrf_notification_manager.o)
                0x0000000020000288                nm_status
 COMMON         0x0000000020000310       0x9c /home/mohammedari/nRF5_SDK_11/components/properitary_rf/gzll/gcc/gzll_gcc.a(nrf_packet_manager.o)
                0x0000000020000310                pm_status
                0x00000000200003a4                nrf_pm_ack_payload_pending
 COMMON         0x00000000200003ac        0x3 /home/mohammedari/nRF5_SDK_11/components/properitary_rf/gzll/gcc/gzll_gcc.a(nrf_state_machine.o)
                0x00000000200003ac                sm_status
 *fill*         0x00000000200003af        0x1 
 COMMON         0x00000000200003b0      0x1d8 /home/mohammedari/nRF5_SDK_11/components/properitary_rf/gzll/gcc/gzll_gcc.a(nrf_fifo.o)
                0x00000000200003b0                available_packet_count
                0x00000000200003b4                available_packets
                0x00000000200003cc                pipe_status
                0x00000000200003fc                fifo_contents
                0x00000000200004bc                packet_pool
 COMMON         0x0000000020000588        0x1 /home/mohammedari/nRF5_SDK_11/components/properitary_rf/gzll/gcc/gzll_gcc.a(nrf_flywheel.o)
                0x0000000020000588                runstate
                0x000000002000058c                . = ALIGN (0x4)
 *fill*         0x0000000020000589        0x3 
                0x000000002000058c                __bss_end__ = .

.heap           0x0000000020000590      0x800
                0x0000000020000590                __end__ = .
                [!provide]                        PROVIDE (end, .)
 *(.heap*)
 .heap          0x0000000020000590      0x800 _build/gcc_startup_nrf51.o
                0x0000000020000590                __HeapBase
                0x0000000020000d90                __HeapLimit = .

.stack_dummy    0x0000000020000590      0x800
 *(.stack*)
 .stack         0x0000000020000590      0x800 _build/gcc_startup_nrf51.o
                0x0000000020004000                __StackTop = (ORIGIN (RAM) + LENGTH (RAM))
                0x0000000020003800                __StackLimit = (__StackTop - SIZEOF (.stack_dummy))
                0x0000000020004000                PROVIDE (__stack, __StackTop)
                0x0000000000000001                ASSERT ((__StackLimit >= __HeapLimit), region RAM overflowed with stack)
OUTPUT(_build/nrf51822_xxac.out elf32-littlearm)

.ARM.attributes
                0x0000000000000000       0x28
 .ARM.attributes
                0x0000000000000000       0x1e /usr/lib/gcc/arm-none-eabi/4.9.3/armv6-m/crti.o
 .ARM.attributes
                0x000000000000001e       0x2c /usr/lib/gcc/arm-none-eabi/4.9.3/armv6-m/crtbegin.o
 .ARM.attributes
                0x000000000000004a       0x1b /usr/lib/gcc/arm-none-eabi/4.9.3/../../../arm-none-eabi/lib/armv6-m/crt0.o
 .ARM.attributes
                0x0000000000000065       0x2c /usr/lib/gcc/arm-none-eabi/4.9.3/../../../arm-none-eabi/lib/armv6-m/libc_nano.a(lib_a-atexit.o)
 .ARM.attributes
                0x0000000000000091       0x2c /usr/lib/gcc/arm-none-eabi/4.9.3/../../../arm-none-eabi/lib/armv6-m/libc_nano.a(lib_a-exit.o)
 .ARM.attributes
                0x00000000000000bd       0x2c /usr/lib/gcc/arm-none-eabi/4.9.3/../../../arm-none-eabi/lib/armv6-m/libc_nano.a(lib_a-fini.o)
 .ARM.attributes
                0x00000000000000e9       0x2c /usr/lib/gcc/arm-none-eabi/4.9.3/../../../arm-none-eabi/lib/armv6-m/libc_nano.a(lib_a-impure.o)
 .ARM.attributes
                0x0000000000000115       0x2c /usr/lib/gcc/arm-none-eabi/4.9.3/../../../arm-none-eabi/lib/armv6-m/libc_nano.a(lib_a-init.o)
 .ARM.attributes
                0x0000000000000141       0x2c /usr/lib/gcc/arm-none-eabi/4.9.3/../../../arm-none-eabi/lib/armv6-m/libc_nano.a(lib_a-memset.o)
 .ARM.attributes
                0x000000000000016d       0x2c /usr/lib/gcc/arm-none-eabi/4.9.3/../../../arm-none-eabi/lib/armv6-m/libc_nano.a(lib_a-__atexit.o)
 .ARM.attributes
                0x0000000000000199       0x2c /usr/lib/gcc/arm-none-eabi/4.9.3/../../../arm-none-eabi/lib/armv6-m/libc_nano.a(lib_a-__call_atexit.o)
 .ARM.attributes
                0x00000000000001c5       0x2c /usr/lib/gcc/arm-none-eabi/4.9.3/../../../arm-none-eabi/lib/armv6-m/libnosys.a(_exit.o)
 .ARM.attributes
                0x00000000000001f1       0x31 _build/system_nrf51.o
 .ARM.attributes
                0x0000000000000222       0x31 _build/main.o
 .ARM.attributes
                0x0000000000000253       0x31 _build/debounce.o
 .ARM.attributes
                0x0000000000000284       0x31 _build/nrf_drv_clock.o
 .ARM.attributes
                0x00000000000002b5       0x31 _build/app_util_platform.o
 .ARM.attributes
                0x00000000000002e6       0x31 _build/nrf_drv_common.o
 .ARM.attributes
                0x0000000000000317       0x31 _build/nrf_drv_rtc.o
 .ARM.attributes
                0x0000000000000348       0x1b _build/gcc_startup_nrf51.o
 .ARM.attributes
                0x0000000000000363       0x31 /home/mohammedari/nRF5_SDK_11/components/properitary_rf/gzll/gcc/gzll_gcc.a(nrf_gzll.o)
 .ARM.attributes
                0x0000000000000394       0x31 /home/mohammedari/nRF5_SDK_11/components/properitary_rf/gzll/gcc/gzll_gcc.a(nrf_impala.o)
 .ARM.attributes
                0x00000000000003c5       0x31 /home/mohammedari/nRF5_SDK_11/components/properitary_rf/gzll/gcc/gzll_gcc.a(nrf_link_core.o)
 .ARM.attributes
                0x00000000000003f6       0x31 /home/mohammedari/nRF5_SDK_11/components/properitary_rf/gzll/gcc/gzll_gcc.a(nrf_notification_manager.o)
 .ARM.attributes
                0x0000000000000427       0x31 /home/mohammedari/nRF5_SDK_11/components/properitary_rf/gzll/gcc/gzll_gcc.a(nrf_packet_manager.o)
 .ARM.attributes
                0x0000000000000458       0x31 /home/mohammedari/nRF5_SDK_11/components/properitary_rf/gzll/gcc/gzll_gcc.a(nrf_state_machine.o)
 .ARM.attributes
                0x0000000000000489       0x31 /home/mohammedari/nRF5_SDK_11/components/properitary_rf/gzll/gcc/gzll_gcc.a(nrf_assert_internal.o)
 .ARM.attributes
                0x00000000000004ba       0x31 /home/mohammedari/nRF5_SDK_11/components/properitary_rf/gzll/gcc/gzll_gcc.a(nrf_channel_manager.o)
 .ARM.attributes
                0x00000000000004eb       0x31 /home/mohammedari/nRF5_SDK_11/components/properitary_rf/gzll/gcc/gzll_gcc.a(nrf_fifo.o)
 .ARM.attributes
                0x000000000000051c       0x31 /home/mohammedari/nRF5_SDK_11/components/properitary_rf/gzll/gcc/gzll_gcc.a(nrf_flywheel.o)
 .ARM.attributes
                0x000000000000054d       0x1e /usr/lib/gcc/arm-none-eabi/4.9.3/armv6-m/libgcc.a(_thumb1_case_uqi.o)
 .ARM.attributes
                0x000000000000056b       0x1e /usr/lib/gcc/arm-none-eabi/4.9.3/armv6-m/libgcc.a(_udivsi3.o)
 .ARM.attributes
                0x0000000000000589       0x1e /usr/lib/gcc/arm-none-eabi/4.9.3/armv6-m/libgcc.a(_dvmd_tls.o)
 .ARM.attributes
                0x00000000000005a7       0x2c /usr/lib/gcc/arm-none-eabi/4.9.3/../../../arm-none-eabi/lib/armv6-m/libc_nano.a(lib_a-memcpy.o)
 .ARM.attributes
                0x00000000000005d3       0x2c /usr/lib/gcc/arm-none-eabi/4.9.3/armv6-m/crtend.o
 .ARM.attributes
                0x00000000000005ff       0x1e /usr/lib/gcc/arm-none-eabi/4.9.3/armv6-m/crtn.o

.comment        0x0000000000000000       0xe0
 .comment       0x0000000000000000       0x38 /usr/lib/gcc/arm-none-eabi/4.9.3/armv6-m/crtbegin.o
                                         0x39 (size before relaxing)
 .comment       0x0000000000000038       0x38 /usr/lib/gcc/arm-none-eabi/4.9.3/../../../arm-none-eabi/lib/armv6-m/libc_nano.a(lib_a-atexit.o)
                                         0x39 (size before relaxing)
 .comment       0x0000000000000070       0x39 /usr/lib/gcc/arm-none-eabi/4.9.3/../../../arm-none-eabi/lib/armv6-m/libc_nano.a(lib_a-exit.o)
 .comment       0x0000000000000070       0x39 /usr/lib/gcc/arm-none-eabi/4.9.3/../../../arm-none-eabi/lib/armv6-m/libc_nano.a(lib_a-fini.o)
 .comment       0x0000000000000070       0x39 /usr/lib/gcc/arm-none-eabi/4.9.3/../../../arm-none-eabi/lib/armv6-m/libc_nano.a(lib_a-impure.o)
 .comment       0x0000000000000070       0x39 /usr/lib/gcc/arm-none-eabi/4.9.3/../../../arm-none-eabi/lib/armv6-m/libc_nano.a(lib_a-init.o)
 .comment       0x0000000000000070       0x39 /usr/lib/gcc/arm-none-eabi/4.9.3/../../../arm-none-eabi/lib/armv6-m/libc_nano.a(lib_a-memset.o)
 .comment       0x0000000000000070       0x39 /usr/lib/gcc/arm-none-eabi/4.9.3/../../../arm-none-eabi/lib/armv6-m/libc_nano.a(lib_a-__atexit.o)
 .comment       0x0000000000000070       0x39 /usr/lib/gcc/arm-none-eabi/4.9.3/../../../arm-none-eabi/lib/armv6-m/libc_nano.a(lib_a-__call_atexit.o)
 .comment       0x0000000000000070       0x39 /usr/lib/gcc/arm-none-eabi/4.9.3/../../../arm-none-eabi/lib/armv6-m/libnosys.a(_exit.o)
 .comment       0x0000000000000070       0x39 _build/system_nrf51.o
 .comment       0x0000000000000070       0x39 _build/main.o
 .comment       0x0000000000000070       0x39 _build/debounce.o
 .comment       0x0000000000000070       0x39 _build/nrf_drv_clock.o
 .comment       0x0000000000000070       0x39 _build/app_util_platform.o
 .comment       0x0000000000000070       0x39 _build/nrf_drv_common.o
 .comment       0x0000000000000070       0x39 _build/nrf_drv_rtc.o
 .comment       0x0000000000000070       0x70 /home/mohammedari/nRF5_SDK_11/components/properitary_rf/gzll/gcc/gzll_gcc.a(nrf_gzll.o)
                                         0x71 (size before relaxing)
 .comment       0x00000000000000e0       0x71 /home/mohammedari/nRF5_SDK_11/components/properitary_rf/gzll/gcc/gzll_gcc.a(nrf_impala.o)
 .comment       0x00000000000000e0       0x71 /home/mohammedari/nRF5_SDK_11/components/properitary_rf/gzll/gcc/gzll_gcc.a(nrf_link_core.o)
 .comment       0x00000000000000e0       0x71 /home/mohammedari/nRF5_SDK_11/components/properitary_rf/gzll/gcc/gzll_gcc.a(nrf_notification_manager.o)
 .comment       0x00000000000000e0       0x71 /home/mohammedari/nRF5_SDK_11/components/properitary_rf/gzll/gcc/gzll_gcc.a(nrf_packet_manager.o)
 .comment       0x00000000000000e0       0x71 /home/mohammedari/nRF5_SDK_11/components/properitary_rf/gzll/gcc/gzll_gcc.a(nrf_state_machine.o)
 .comment       0x00000000000000e0       0x71 /home/mohammedari/nRF5_SDK_11/components/properitary_rf/gzll/gcc/gzll_gcc.a(nrf_assert_internal.o)
 .comment       0x00000000000000e0       0x71 /home/mohammedari/nRF5_SDK_11/components/properitary_rf/gzll/gcc/gzll_gcc.a(nrf_channel_manager.o)
 .comment       0x00000000000000e0       0x71 /home/mohammedari/nRF5_SDK_11/components/properitary_rf/gzll/gcc/gzll_gcc.a(nrf_fifo.o)
 .comment       0x00000000000000e0       0x71 /home/mohammedari/nRF5_SDK_11/components/properitary_rf/gzll/gcc/gzll_gcc.a(nrf_flywheel.o)
 .comment       0x00000000000000e0       0x39 /usr/lib/gcc/arm-none-eabi/4.9.3/../../../arm-none-eabi/lib/armv6-m/libc_nano.a(lib_a-memcpy.o)
 .comment       0x00000000000000e0       0x39 /usr/lib/gcc/arm-none-eabi/4.9.3/armv6-m/crtend.o

.debug_line     0x0000000000000000     0x343c
 .debug_line    0x0000000000000000       0x80 /usr/lib/gcc/arm-none-eabi/4.9.3/../../../arm-none-eabi/lib/armv6-m/crt0.o
 .debug_line    0x0000000000000080       0xc3 /usr/lib/gcc/arm-none-eabi/4.9.3/../../../arm-none-eabi/lib/armv6-m/libc_nano.a(lib_a-atexit.o)
 .debug_line    0x0000000000000143      0x169 /usr/lib/gcc/arm-none-eabi/4.9.3/../../../arm-none-eabi/lib/armv6-m/libc_nano.a(lib_a-exit.o)
 .debug_line    0x00000000000002ac       0x9b /usr/lib/gcc/arm-none-eabi/4.9.3/../../../arm-none-eabi/lib/armv6-m/libc_nano.a(lib_a-fini.o)
 .debug_line    0x0000000000000347       0xf1 /usr/lib/gcc/arm-none-eabi/4.9.3/../../../arm-none-eabi/lib/armv6-m/libc_nano.a(lib_a-impure.o)
 .debug_line    0x0000000000000438       0xb5 /usr/lib/gcc/arm-none-eabi/4.9.3/../../../arm-none-eabi/lib/armv6-m/libc_nano.a(lib_a-init.o)
 .debug_line    0x00000000000004ed       0xed /usr/lib/gcc/arm-none-eabi/4.9.3/../../../arm-none-eabi/lib/armv6-m/libc_nano.a(lib_a-memset.o)
 .debug_line    0x00000000000005da      0x17e /usr/lib/gcc/arm-none-eabi/4.9.3/../../../arm-none-eabi/lib/armv6-m/libc_nano.a(lib_a-__atexit.o)
 .debug_line    0x0000000000000758      0x172 /usr/lib/gcc/arm-none-eabi/4.9.3/../../../arm-none-eabi/lib/armv6-m/libc_nano.a(lib_a-__call_atexit.o)
 .debug_line    0x00000000000008ca       0x5d /usr/lib/gcc/arm-none-eabi/4.9.3/../../../arm-none-eabi/lib/armv6-m/libnosys.a(_exit.o)
 .debug_line    0x0000000000000927      0x2a3 _build/system_nrf51.o
 .debug_line    0x0000000000000bca      0x84d _build/main.o
 .debug_line    0x0000000000001417      0x15c _build/debounce.o
 .debug_line    0x0000000000001573      0x9ca _build/nrf_drv_clock.o
 .debug_line    0x0000000000001f3d      0x485 _build/app_util_platform.o
 .debug_line    0x00000000000023c2      0x551 _build/nrf_drv_common.o
 .debug_line    0x0000000000002913      0x908 _build/nrf_drv_rtc.o
 .debug_line    0x000000000000321b       0x66 /usr/lib/gcc/arm-none-eabi/4.9.3/armv6-m/libgcc.a(_thumb1_case_uqi.o)
 .debug_line    0x0000000000003281       0x6c /usr/lib/gcc/arm-none-eabi/4.9.3/armv6-m/libgcc.a(_udivsi3.o)
 .debug_line    0x00000000000032ed       0x5e /usr/lib/gcc/arm-none-eabi/4.9.3/armv6-m/libgcc.a(_dvmd_tls.o)
 .debug_line    0x000000000000334b       0xf1 /usr/lib/gcc/arm-none-eabi/4.9.3/../../../arm-none-eabi/lib/armv6-m/libc_nano.a(lib_a-memcpy.o)

.debug_info     0x0000000000000000     0x6983
 .debug_info    0x0000000000000000       0xa8 /usr/lib/gcc/arm-none-eabi/4.9.3/../../../arm-none-eabi/lib/armv6-m/crt0.o
 .debug_info    0x00000000000000a8      0x10a /usr/lib/gcc/arm-none-eabi/4.9.3/../../../arm-none-eabi/lib/armv6-m/libc_nano.a(lib_a-atexit.o)
 .debug_info    0x00000000000001b2      0x7a6 /usr/lib/gcc/arm-none-eabi/4.9.3/../../../arm-none-eabi/lib/armv6-m/libc_nano.a(lib_a-exit.o)
 .debug_info    0x0000000000000958       0xeb /usr/lib/gcc/arm-none-eabi/4.9.3/../../../arm-none-eabi/lib/armv6-m/libc_nano.a(lib_a-fini.o)
 .debug_info    0x0000000000000a43      0x7d3 /usr/lib/gcc/arm-none-eabi/4.9.3/../../../arm-none-eabi/lib/armv6-m/libc_nano.a(lib_a-impure.o)
 .debug_info    0x0000000000001216      0x105 /usr/lib/gcc/arm-none-eabi/4.9.3/../../../arm-none-eabi/lib/armv6-m/libc_nano.a(lib_a-init.o)
 .debug_info    0x000000000000131b       0xd3 /usr/lib/gcc/arm-none-eabi/4.9.3/../../../arm-none-eabi/lib/armv6-m/libc_nano.a(lib_a-memset.o)
 .debug_info    0x00000000000013ee      0x23b /usr/lib/gcc/arm-none-eabi/4.9.3/../../../arm-none-eabi/lib/armv6-m/libc_nano.a(lib_a-__atexit.o)
 .debug_info    0x0000000000001629      0x242 /usr/lib/gcc/arm-none-eabi/4.9.3/../../../arm-none-eabi/lib/armv6-m/libc_nano.a(lib_a-__call_atexit.o)
 .debug_info    0x000000000000186b       0x58 /usr/lib/gcc/arm-none-eabi/4.9.3/../../../arm-none-eabi/lib/armv6-m/libnosys.a(_exit.o)
 .debug_info    0x00000000000018c3      0x1d9 _build/system_nrf51.o
 .debug_info    0x0000000000001a9c     0x1b5e _build/main.o
 .debug_info    0x00000000000035fa      0x133 _build/debounce.o
 .debug_info    0x000000000000372d     0x161f _build/nrf_drv_clock.o
 .debug_info    0x0000000000004d4c      0x1c1 _build/app_util_platform.o
 .debug_info    0x0000000000004f0d      0x42d _build/nrf_drv_common.o
 .debug_info    0x000000000000533a     0x131c _build/nrf_drv_rtc.o
 .debug_info    0x0000000000006656       0xb9 /usr/lib/gcc/arm-none-eabi/4.9.3/armv6-m/libgcc.a(_thumb1_case_uqi.o)
 .debug_info    0x000000000000670f       0xb9 /usr/lib/gcc/arm-none-eabi/4.9.3/armv6-m/libgcc.a(_udivsi3.o)
 .debug_info    0x00000000000067c8       0xb9 /usr/lib/gcc/arm-none-eabi/4.9.3/armv6-m/libgcc.a(_dvmd_tls.o)
 .debug_info    0x0000000000006881      0x102 /usr/lib/gcc/arm-none-eabi/4.9.3/../../../arm-none-eabi/lib/armv6-m/libc_nano.a(lib_a-memcpy.o)

.debug_abbrev   0x0000000000000000     0x187d
 .debug_abbrev  0x0000000000000000       0x14 /usr/lib/gcc/arm-none-eabi/4.9.3/../../../arm-none-eabi/lib/armv6-m/crt0.o
 .debug_abbrev  0x0000000000000014       0xb5 /usr/lib/gcc/arm-none-eabi/4.9.3/../../../arm-none-eabi/lib/armv6-m/libc_nano.a(lib_a-atexit.o)
 .debug_abbrev  0x00000000000000c9      0x18b /usr/lib/gcc/arm-none-eabi/4.9.3/../../../arm-none-eabi/lib/armv6-m/libc_nano.a(lib_a-exit.o)
 .debug_abbrev  0x0000000000000254       0xb8 /usr/lib/gcc/arm-none-eabi/4.9.3/../../../arm-none-eabi/lib/armv6-m/libc_nano.a(lib_a-fini.o)
 .debug_abbrev  0x000000000000030c      0x136 /usr/lib/gcc/arm-none-eabi/4.9.3/../../../arm-none-eabi/lib/armv6-m/libc_nano.a(lib_a-impure.o)
 .debug_abbrev  0x0000000000000442       0xba /usr/lib/gcc/arm-none-eabi/4.9.3/../../../arm-none-eabi/lib/armv6-m/libc_nano.a(lib_a-init.o)
 .debug_abbrev  0x00000000000004fc       0x8e /usr/lib/gcc/arm-none-eabi/4.9.3/../../../arm-none-eabi/lib/armv6-m/libc_nano.a(lib_a-memset.o)
 .debug_abbrev  0x000000000000058a      0x180 /usr/lib/gcc/arm-none-eabi/4.9.3/../../../arm-none-eabi/lib/armv6-m/libc_nano.a(lib_a-__atexit.o)
 .debug_abbrev  0x000000000000070a      0x16d /usr/lib/gcc/arm-none-eabi/4.9.3/../../../arm-none-eabi/lib/armv6-m/libc_nano.a(lib_a-__call_atexit.o)
 .debug_abbrev  0x0000000000000877       0x55 /usr/lib/gcc/arm-none-eabi/4.9.3/../../../arm-none-eabi/lib/armv6-m/libnosys.a(_exit.o)
 .debug_abbrev  0x00000000000008cc       0xfc _build/system_nrf51.o
 .debug_abbrev  0x00000000000009c8      0x358 _build/main.o
 .debug_abbrev  0x0000000000000d20       0xa9 _build/debounce.o
 .debug_abbrev  0x0000000000000dc9      0x428 _build/nrf_drv_clock.o
 .debug_abbrev  0x00000000000011f1       0xeb _build/app_util_platform.o
 .debug_abbrev  0x00000000000012dc      0x16c _build/nrf_drv_common.o
 .debug_abbrev  0x0000000000001448      0x355 _build/nrf_drv_rtc.o
 .debug_abbrev  0x000000000000179d       0x14 /usr/lib/gcc/arm-none-eabi/4.9.3/armv6-m/libgcc.a(_thumb1_case_uqi.o)
 .debug_abbrev  0x00000000000017b1       0x14 /usr/lib/gcc/arm-none-eabi/4.9.3/armv6-m/libgcc.a(_udivsi3.o)
 .debug_abbrev  0x00000000000017c5       0x14 /usr/lib/gcc/arm-none-eabi/4.9.3/armv6-m/libgcc.a(_dvmd_tls.o)
 .debug_abbrev  0x00000000000017d9       0xa4 /usr/lib/gcc/arm-none-eabi/4.9.3/../../../arm-none-eabi/lib/armv6-m/libc_nano.a(lib_a-memcpy.o)

.debug_aranges  0x0000000000000000      0x3a0
 .debug_aranges
                0x0000000000000000       0x20 /usr/lib/gcc/arm-none-eabi/4.9.3/../../../arm-none-eabi/lib/armv6-m/crt0.o
 .debug_aranges
                0x0000000000000020       0x20 /usr/lib/gcc/arm-none-eabi/4.9.3/../../../arm-none-eabi/lib/armv6-m/libc_nano.a(lib_a-atexit.o)
 .debug_aranges
                0x0000000000000040       0x20 /usr/lib/gcc/arm-none-eabi/4.9.3/../../../arm-none-eabi/lib/armv6-m/libc_nano.a(lib_a-exit.o)
 .debug_aranges
                0x0000000000000060       0x20 /usr/lib/gcc/arm-none-eabi/4.9.3/../../../arm-none-eabi/lib/armv6-m/libc_nano.a(lib_a-fini.o)
 .debug_aranges
                0x0000000000000080       0x18 /usr/lib/gcc/arm-none-eabi/4.9.3/../../../arm-none-eabi/lib/armv6-m/libc_nano.a(lib_a-impure.o)
 .debug_aranges
                0x0000000000000098       0x20 /usr/lib/gcc/arm-none-eabi/4.9.3/../../../arm-none-eabi/lib/armv6-m/libc_nano.a(lib_a-init.o)
 .debug_aranges
                0x00000000000000b8       0x20 /usr/lib/gcc/arm-none-eabi/4.9.3/../../../arm-none-eabi/lib/armv6-m/libc_nano.a(lib_a-memset.o)
 .debug_aranges
                0x00000000000000d8       0x20 /usr/lib/gcc/arm-none-eabi/4.9.3/../../../arm-none-eabi/lib/armv6-m/libc_nano.a(lib_a-__atexit.o)
 .debug_aranges
                0x00000000000000f8       0x20 /usr/lib/gcc/arm-none-eabi/4.9.3/../../../arm-none-eabi/lib/armv6-m/libc_nano.a(lib_a-__call_atexit.o)
 .debug_aranges
                0x0000000000000118       0x20 /usr/lib/gcc/arm-none-eabi/4.9.3/../../../arm-none-eabi/lib/armv6-m/libnosys.a(_exit.o)
 .debug_aranges
                0x0000000000000138       0x28 _build/system_nrf51.o
 .debug_aranges
                0x0000000000000160       0x50 _build/main.o
 .debug_aranges
                0x00000000000001b0       0x20 _build/debounce.o
 .debug_aranges
                0x00000000000001d0       0x80 _build/nrf_drv_clock.o
 .debug_aranges
                0x0000000000000250       0x38 _build/app_util_platform.o
 .debug_aranges
                0x0000000000000288       0x20 _build/nrf_drv_common.o
 .debug_aranges
                0x00000000000002a8       0x78 _build/nrf_drv_rtc.o
 .debug_aranges
                0x0000000000000320       0x20 /usr/lib/gcc/arm-none-eabi/4.9.3/armv6-m/libgcc.a(_thumb1_case_uqi.o)
 .debug_aranges
                0x0000000000000340       0x20 /usr/lib/gcc/arm-none-eabi/4.9.3/armv6-m/libgcc.a(_udivsi3.o)
 .debug_aranges
                0x0000000000000360       0x20 /usr/lib/gcc/arm-none-eabi/4.9.3/armv6-m/libgcc.a(_dvmd_tls.o)
 .debug_aranges
                0x0000000000000380       0x20 /usr/lib/gcc/arm-none-eabi/4.9.3/../../../arm-none-eabi/lib/armv6-m/libc_nano.a(lib_a-memcpy.o)

.debug_loc      0x0000000000000000     0x1b38
 .debug_loc     0x0000000000000000       0x2c /usr/lib/gcc/arm-none-eabi/4.9.3/../../../arm-none-eabi/lib/armv6-m/libc_nano.a(lib_a-atexit.o)
 .debug_loc     0x000000000000002c       0x1e /usr/lib/gcc/arm-none-eabi/4.9.3/../../../arm-none-eabi/lib/armv6-m/libc_nano.a(lib_a-exit.o)
 .debug_loc     0x000000000000004a       0x2b /usr/lib/gcc/arm-none-eabi/4.9.3/../../../arm-none-eabi/lib/armv6-m/libc_nano.a(lib_a-fini.o)
 .debug_loc     0x0000000000000075       0x3c /usr/lib/gcc/arm-none-eabi/4.9.3/../../../arm-none-eabi/lib/armv6-m/libc_nano.a(lib_a-init.o)
 .debug_loc     0x00000000000000b1       0x87 /usr/lib/gcc/arm-none-eabi/4.9.3/../../../arm-none-eabi/lib/armv6-m/libc_nano.a(lib_a-memset.o)
 .debug_loc     0x0000000000000138      0x198 /usr/lib/gcc/arm-none-eabi/4.9.3/../../../arm-none-eabi/lib/armv6-m/libc_nano.a(lib_a-__atexit.o)
 .debug_loc     0x00000000000002d0      0x18c /usr/lib/gcc/arm-none-eabi/4.9.3/../../../arm-none-eabi/lib/armv6-m/libc_nano.a(lib_a-__call_atexit.o)
 .debug_loc     0x000000000000045c       0x97 _build/main.o
 .debug_loc     0x00000000000004f3      0x1b1 _build/debounce.o
 .debug_loc     0x00000000000006a4      0x4e9 _build/nrf_drv_clock.o
 .debug_loc     0x0000000000000b8d       0xa2 _build/nrf_drv_common.o
 .debug_loc     0x0000000000000c2f      0xe3a _build/nrf_drv_rtc.o
 .debug_loc     0x0000000000001a69       0xcf /usr/lib/gcc/arm-none-eabi/4.9.3/../../../arm-none-eabi/lib/armv6-m/libc_nano.a(lib_a-memcpy.o)

.debug_ranges   0x0000000000000000      0x938
 .debug_ranges  0x0000000000000000       0x10 /usr/lib/gcc/arm-none-eabi/4.9.3/../../../arm-none-eabi/lib/armv6-m/libc_nano.a(lib_a-atexit.o)
 .debug_ranges  0x0000000000000010       0x10 /usr/lib/gcc/arm-none-eabi/4.9.3/../../../arm-none-eabi/lib/armv6-m/libc_nano.a(lib_a-exit.o)
 .debug_ranges  0x0000000000000020       0x10 /usr/lib/gcc/arm-none-eabi/4.9.3/../../../arm-none-eabi/lib/armv6-m/libc_nano.a(lib_a-fini.o)
 .debug_ranges  0x0000000000000030       0x10 /usr/lib/gcc/arm-none-eabi/4.9.3/../../../arm-none-eabi/lib/armv6-m/libc_nano.a(lib_a-init.o)
 .debug_ranges  0x0000000000000040       0x10 /usr/lib/gcc/arm-none-eabi/4.9.3/../../../arm-none-eabi/lib/armv6-m/libc_nano.a(lib_a-memset.o)
 .debug_ranges  0x0000000000000050       0x10 /usr/lib/gcc/arm-none-eabi/4.9.3/../../../arm-none-eabi/lib/armv6-m/libc_nano.a(lib_a-__atexit.o)
 .debug_ranges  0x0000000000000060       0x10 /usr/lib/gcc/arm-none-eabi/4.9.3/../../../arm-none-eabi/lib/armv6-m/libc_nano.a(lib_a-__call_atexit.o)
 .debug_ranges  0x0000000000000070       0x10 /usr/lib/gcc/arm-none-eabi/4.9.3/../../../arm-none-eabi/lib/armv6-m/libnosys.a(_exit.o)
 .debug_ranges  0x0000000000000080       0x78 _build/system_nrf51.o
 .debug_ranges  0x00000000000000f8       0xc8 _build/main.o
 .debug_ranges  0x00000000000001c0       0x30 _build/debounce.o
 .debug_ranges  0x00000000000001f0      0x438 _build/nrf_drv_clock.o
 .debug_ranges  0x0000000000000628       0x40 _build/app_util_platform.o
 .debug_ranges  0x0000000000000668       0x28 _build/nrf_drv_common.o
 .debug_ranges  0x0000000000000690      0x298 _build/nrf_drv_rtc.o
 .debug_ranges  0x0000000000000928       0x10 /usr/lib/gcc/arm-none-eabi/4.9.3/../../../arm-none-eabi/lib/armv6-m/libc_nano.a(lib_a-memcpy.o)

.debug_str      0x0000000000000000    0x36c71
 .debug_str     0x0000000000000000      0x181 /usr/lib/gcc/arm-none-eabi/4.9.3/../../../arm-none-eabi/lib/armv6-m/libc_nano.a(lib_a-atexit.o)
                                        0x211 (size before relaxing)
 .debug_str     0x0000000000000181      0x359 /usr/lib/gcc/arm-none-eabi/4.9.3/../../../arm-none-eabi/lib/armv6-m/libc_nano.a(lib_a-exit.o)
                                        0x546 (size before relaxing)
 .debug_str     0x00000000000004da       0xce /usr/lib/gcc/arm-none-eabi/4.9.3/../../../arm-none-eabi/lib/armv6-m/libc_nano.a(lib_a-fini.o)
                                        0x209 (size before relaxing)
 .debug_str     0x00000000000005a8       0xe1 /usr/lib/gcc/arm-none-eabi/4.9.3/../../../arm-none-eabi/lib/armv6-m/libc_nano.a(lib_a-impure.o)
                                        0x57c (size before relaxing)
 .debug_str     0x0000000000000689       0x8a /usr/lib/gcc/arm-none-eabi/4.9.3/../../../arm-none-eabi/lib/armv6-m/libc_nano.a(lib_a-init.o)
                                        0x233 (size before relaxing)
 .debug_str     0x0000000000000713       0x9f /usr/lib/gcc/arm-none-eabi/4.9.3/../../../arm-none-eabi/lib/armv6-m/libc_nano.a(lib_a-memset.o)
                                        0x1d4 (size before relaxing)
 .debug_str     0x00000000000007b2       0xb4 /usr/lib/gcc/arm-none-eabi/4.9.3/../../../arm-none-eabi/lib/armv6-m/libc_nano.a(lib_a-__atexit.o)
                                        0x2b7 (size before relaxing)
 .debug_str     0x0000000000000866       0x56 /usr/lib/gcc/arm-none-eabi/4.9.3/../../../arm-none-eabi/lib/armv6-m/libc_nano.a(lib_a-__call_atexit.o)
                                        0x27d (size before relaxing)
 .debug_str     0x00000000000008bc       0xfd /usr/lib/gcc/arm-none-eabi/4.9.3/../../../arm-none-eabi/lib/armv6-m/libnosys.a(_exit.o)
                                        0x103 (size before relaxing)
 .debug_str     0x00000000000009b9    0x2ee0b _build/system_nrf51.o
                                      0x2ef8c (size before relaxing)
 .debug_str     0x000000000002f7c4     0x6368 _build/main.o
                                      0x35303 (size before relaxing)
 .debug_str     0x0000000000035b2c       0x8a _build/debounce.o
                                       0x305b (size before relaxing)
 .debug_str     0x0000000000035bb6      0xae2 _build/nrf_drv_clock.o
                                      0x346f2 (size before relaxing)
 .debug_str     0x0000000000036698       0xae _build/app_util_platform.o
                                      0x3384b (size before relaxing)
 .debug_str     0x0000000000036746       0x93 _build/nrf_drv_common.o
                                      0x33c3c (size before relaxing)
 .debug_str     0x00000000000367d9      0x44f _build/nrf_drv_rtc.o
                                      0x34698 (size before relaxing)
 .debug_str     0x0000000000036c28       0x49 /usr/lib/gcc/arm-none-eabi/4.9.3/../../../arm-none-eabi/lib/armv6-m/libc_nano.a(lib_a-memcpy.o)
                                        0x1e8 (size before relaxing)

.debug_frame    0x0000000000000000      0x590
 .debug_frame   0x0000000000000000       0x28 /usr/lib/gcc/arm-none-eabi/4.9.3/../../../arm-none-eabi/lib/armv6-m/libc_nano.a(lib_a-atexit.o)
 .debug_frame   0x0000000000000028       0x28 /usr/lib/gcc/arm-none-eabi/4.9.3/../../../arm-none-eabi/lib/armv6-m/libc_nano.a(lib_a-exit.o)
 .debug_frame   0x0000000000000050       0x2c /usr/lib/gcc/arm-none-eabi/4.9.3/../../../arm-none-eabi/lib/armv6-m/libc_nano.a(lib_a-fini.o)
 .debug_frame   0x000000000000007c       0x2c /usr/lib/gcc/arm-none-eabi/4.9.3/../../../arm-none-eabi/lib/armv6-m/libc_nano.a(lib_a-init.o)
 .debug_frame   0x00000000000000a8       0x20 /usr/lib/gcc/arm-none-eabi/4.9.3/../../../arm-none-eabi/lib/armv6-m/libc_nano.a(lib_a-memset.o)
 .debug_frame   0x00000000000000c8       0x34 /usr/lib/gcc/arm-none-eabi/4.9.3/../../../arm-none-eabi/lib/armv6-m/libc_nano.a(lib_a-__atexit.o)
 .debug_frame   0x00000000000000fc       0x30 /usr/lib/gcc/arm-none-eabi/4.9.3/../../../arm-none-eabi/lib/armv6-m/libc_nano.a(lib_a-__call_atexit.o)
 .debug_frame   0x000000000000012c       0x20 /usr/lib/gcc/arm-none-eabi/4.9.3/../../../arm-none-eabi/lib/armv6-m/libnosys.a(_exit.o)
 .debug_frame   0x000000000000014c       0x30 _build/system_nrf51.o
 .debug_frame   0x000000000000017c       0xb8 _build/main.o
 .debug_frame   0x0000000000000234       0x2c _build/debounce.o
 .debug_frame   0x0000000000000260      0x150 _build/nrf_drv_clock.o
 .debug_frame   0x00000000000003b0       0x50 _build/app_util_platform.o
 .debug_frame   0x0000000000000400       0x30 _build/nrf_drv_common.o
 .debug_frame   0x0000000000000430      0x118 _build/nrf_drv_rtc.o
 .debug_frame   0x0000000000000548       0x20 /usr/lib/gcc/arm-none-eabi/4.9.3/armv6-m/libgcc.a(_udivsi3.o)
 .debug_frame   0x0000000000000568       0x28 /usr/lib/gcc/arm-none-eabi/4.9.3/../../../arm-none-eabi/lib/armv6-m/libc_nano.a(lib_a-memcpy.o)

.debug_macro    0x0000000000000000     0xb013
 .debug_macro   0x0000000000000000       0xd0 _build/system_nrf51.o
 .debug_macro   0x00000000000000d0      0x83e _build/system_nrf51.o
 .debug_macro   0x000000000000090e       0x22 _build/system_nrf51.o
 .debug_macro   0x0000000000000930       0x44 _build/system_nrf51.o
 .debug_macro   0x0000000000000974       0xe3 _build/system_nrf51.o
 .debug_macro   0x0000000000000a57       0x22 _build/system_nrf51.o
 .debug_macro   0x0000000000000a79      0x1df _build/system_nrf51.o
 .debug_macro   0x0000000000000c58       0x22 _build/system_nrf51.o
 .debug_macro   0x0000000000000c7a       0x1c _build/system_nrf51.o
 .debug_macro   0x0000000000000c96       0x22 _build/system_nrf51.o
 .debug_macro   0x0000000000000cb8       0x3a _build/system_nrf51.o
 .debug_macro   0x0000000000000cf2       0x26 _build/system_nrf51.o
 .debug_macro   0x0000000000000d18      0x30d _build/system_nrf51.o
 .debug_macro   0x0000000000001025      0x1d2 _build/system_nrf51.o
 .debug_macro   0x00000000000011f7     0x745a _build/system_nrf51.o
 .debug_macro   0x0000000000008651      0x976 _build/system_nrf51.o
 .debug_macro   0x0000000000008fc7       0x1c _build/system_nrf51.o
 .debug_macro   0x0000000000008fe3      0x2c0 _build/main.o
 .debug_macro   0x00000000000092a3       0xd0 _build/main.o
 .debug_macro   0x0000000000009373       0x64 _build/main.o
 .debug_macro   0x00000000000093d7       0x34 _build/main.o
 .debug_macro   0x000000000000940b      0x150 _build/main.o
 .debug_macro   0x000000000000955b       0x10 _build/main.o
 .debug_macro   0x000000000000956b       0x8e _build/main.o
 .debug_macro   0x00000000000095f9       0x70 _build/main.o
 .debug_macro   0x0000000000009669       0x58 _build/main.o
 .debug_macro   0x00000000000096c1       0x35 _build/main.o
 .debug_macro   0x00000000000096f6       0x9c _build/main.o
 .debug_macro   0x0000000000009792       0x16 _build/main.o
 .debug_macro   0x00000000000097a8       0x97 _build/main.o
 .debug_macro   0x000000000000983f      0x29d _build/main.o
 .debug_macro   0x0000000000009adc       0xef _build/main.o
 .debug_macro   0x0000000000009bcb       0x10 _build/main.o
 .debug_macro   0x0000000000009bdb       0x52 _build/main.o
 .debug_macro   0x0000000000009c2d       0x16 _build/main.o
 .debug_macro   0x0000000000009c43       0x43 _build/main.o
 .debug_macro   0x0000000000009c86      0x180 _build/main.o
 .debug_macro   0x0000000000009e06       0x10 _build/main.o
 .debug_macro   0x0000000000009e16       0x22 _build/main.o
 .debug_macro   0x0000000000009e38       0xbe _build/main.o
 .debug_macro   0x0000000000009ef6       0x16 _build/main.o
 .debug_macro   0x0000000000009f0c      0x197 _build/main.o
 .debug_macro   0x000000000000a0a3      0x11e _build/main.o
 .debug_macro   0x000000000000a1c1       0x52 _build/main.o
 .debug_macro   0x000000000000a213       0x67 _build/main.o
 .debug_macro   0x000000000000a27a       0xbb _build/main.o
 .debug_macro   0x000000000000a335       0x2b _build/main.o
 .debug_macro   0x000000000000a360       0x10 _build/main.o
 .debug_macro   0x000000000000a370       0x10 _build/main.o
 .debug_macro   0x000000000000a380       0x22 _build/main.o
 .debug_macro   0x000000000000a3a2       0x16 _build/main.o
 .debug_macro   0x000000000000a3b8       0x5a _build/debounce.o
 .debug_macro   0x000000000000a412      0x2a3 _build/nrf_drv_clock.o
 .debug_macro   0x000000000000a6b5       0x5b _build/nrf_drv_clock.o
 .debug_macro   0x000000000000a710      0x225 _build/app_util_platform.o
 .debug_macro   0x000000000000a935       0x6d _build/app_util_platform.o
 .debug_macro   0x000000000000a9a2      0x25a _build/nrf_drv_common.o
 .debug_macro   0x000000000000abfc      0x166 _build/nrf_drv_common.o
 .debug_macro   0x000000000000ad62       0x35 _build/nrf_drv_common.o
 .debug_macro   0x000000000000ad97      0x27c _build/nrf_drv_rtc.o
